Archive member included to satisfy reference by file (symbol)

c:/nxp/mcuxpressoide_11.0.1_2563/ide/plugins/com.nxp.mcuxpresso.tools.win32_11.0.1.201907311258/tools/bin/../lib/gcc/arm-none-eabi/8.2.1/../../../../arm-none-eabi/lib/thumb/v6-m/nofp\libcr_semihost_nf.a(_cr__main.o)
                              ./startup/startup_mkl25z4.o (__main)
c:/nxp/mcuxpressoide_11.0.1_2563/ide/plugins/com.nxp.mcuxpresso.tools.win32_11.0.1.201907311258/tools/bin/../lib/gcc/arm-none-eabi/8.2.1/../../../../arm-none-eabi/lib/thumb/v6-m/nofp\libcr_semihost_nf.a(_cr_assert.o)
                              ./source/main.o (__assertion_failed)
c:/nxp/mcuxpressoide_11.0.1_2563/ide/plugins/com.nxp.mcuxpresso.tools.win32_11.0.1.201907311258/tools/bin/../lib/gcc/arm-none-eabi/8.2.1/../../../../arm-none-eabi/lib/thumb/v6-m/nofp\libcr_semihost_nf.a(__ciob.o)
                              c:/nxp/mcuxpressoide_11.0.1_2563/ide/plugins/com.nxp.mcuxpresso.tools.win32_11.0.1.201907311258/tools/bin/../lib/gcc/arm-none-eabi/8.2.1/../../../../arm-none-eabi/lib/thumb/v6-m/nofp\libcr_semihost_nf.a(_cr_assert.o) (__Ciob)
c:/nxp/mcuxpressoide_11.0.1_2563/ide/plugins/com.nxp.mcuxpresso.tools.win32_11.0.1.201907311258/tools/bin/../lib/gcc/arm-none-eabi/8.2.1/../../../../arm-none-eabi/lib/thumb/v6-m/nofp\libcr_semihost_nf.a(__sys_appexit.o)
                              c:/nxp/mcuxpressoide_11.0.1_2563/ide/plugins/com.nxp.mcuxpresso.tools.win32_11.0.1.201907311258/tools/bin/../lib/gcc/arm-none-eabi/8.2.1/../../../../arm-none-eabi/lib/thumb/v6-m/nofp\libcr_semihost_nf.a(_cr_assert.o) (__sys_appexit)
c:/nxp/mcuxpressoide_11.0.1_2563/ide/plugins/com.nxp.mcuxpresso.tools.win32_11.0.1.201907311258/tools/bin/../lib/gcc/arm-none-eabi/8.2.1/../../../../arm-none-eabi/lib/thumb/v6-m/nofp\libcr_c.a(memcpy.o)
                              ./drivers/fsl_flash.o (memcpy)
c:/nxp/mcuxpressoide_11.0.1_2563/ide/plugins/com.nxp.mcuxpresso.tools.win32_11.0.1.201907311258/tools/bin/../lib/gcc/arm-none-eabi/8.2.1/../../../../arm-none-eabi/lib/thumb/v6-m/nofp\libcr_c.a(memset.o)
                              ./drivers/fsl_dma.o (memset)
c:/nxp/mcuxpressoide_11.0.1_2563/ide/plugins/com.nxp.mcuxpresso.tools.win32_11.0.1.201907311258/tools/bin/../lib/gcc/arm-none-eabi/8.2.1/../../../../arm-none-eabi/lib/thumb/v6-m/nofp\libcr_c.a(_deferredlazyseek.o)
                              c:/nxp/mcuxpressoide_11.0.1_2563/ide/plugins/com.nxp.mcuxpresso.tools.win32_11.0.1.201907311258/tools/bin/../lib/gcc/arm-none-eabi/8.2.1/../../../../arm-none-eabi/lib/thumb/v6-m/nofp\libcr_semihost_nf.a(_cr_assert.o) (__flsbuf)
c:/nxp/mcuxpressoide_11.0.1_2563/ide/plugins/com.nxp.mcuxpresso.tools.win32_11.0.1.201907311258/tools/bin/../lib/gcc/arm-none-eabi/8.2.1/../../../../arm-none-eabi/lib/thumb/v6-m/nofp\libcr_c.a(_fflush.o)
                              c:/nxp/mcuxpressoide_11.0.1_2563/ide/plugins/com.nxp.mcuxpresso.tools.win32_11.0.1.201907311258/tools/bin/../lib/gcc/arm-none-eabi/8.2.1/../../../../arm-none-eabi/lib/thumb/v6-m/nofp\libcr_c.a(_deferredlazyseek.o) (_fflush)
c:/nxp/mcuxpressoide_11.0.1_2563/ide/plugins/com.nxp.mcuxpresso.tools.win32_11.0.1.201907311258/tools/bin/../lib/gcc/arm-none-eabi/8.2.1/../../../../arm-none-eabi/lib/thumb/v6-m/nofp\libcr_c.a(_writebuf.o)
                              c:/nxp/mcuxpressoide_11.0.1_2563/ide/plugins/com.nxp.mcuxpresso.tools.win32_11.0.1.201907311258/tools/bin/../lib/gcc/arm-none-eabi/8.2.1/../../../../arm-none-eabi/lib/thumb/v6-m/nofp\libcr_c.a(_deferredlazyseek.o) (_Cwritebuf)
c:/nxp/mcuxpressoide_11.0.1_2563/ide/plugins/com.nxp.mcuxpresso.tools.win32_11.0.1.201907311258/tools/bin/../lib/gcc/arm-none-eabi/8.2.1/../../../../arm-none-eabi/lib/thumb/v6-m/nofp\libcr_c.a(alloc.o)
                              c:/nxp/mcuxpressoide_11.0.1_2563/ide/plugins/com.nxp.mcuxpresso.tools.win32_11.0.1.201907311258/tools/bin/../lib/gcc/arm-none-eabi/8.2.1/../../../../arm-none-eabi/lib/thumb/v6-m/nofp\libcr_c.a(_deferredlazyseek.o) (_Csys_alloc)
c:/nxp/mcuxpressoide_11.0.1_2563/ide/plugins/com.nxp.mcuxpresso.tools.win32_11.0.1.201907311258/tools/bin/../lib/gcc/arm-none-eabi/8.2.1/../../../../arm-none-eabi/lib/thumb/v6-m/nofp\libcr_c.a(atan.o)
                              ./source/main.o (atan)
c:/nxp/mcuxpressoide_11.0.1_2563/ide/plugins/com.nxp.mcuxpresso.tools.win32_11.0.1.201907311258/tools/bin/../lib/gcc/arm-none-eabi/8.2.1/../../../../arm-none-eabi/lib/thumb/v6-m/nofp\libcr_c.a(fabs.o)
                              c:/nxp/mcuxpressoide_11.0.1_2563/ide/plugins/com.nxp.mcuxpresso.tools.win32_11.0.1.201907311258/tools/bin/../lib/gcc/arm-none-eabi/8.2.1/../../../../arm-none-eabi/lib/thumb/v6-m/nofp\libcr_c.a(atan.o) (fabs)
c:/nxp/mcuxpressoide_11.0.1_2563/ide/plugins/com.nxp.mcuxpresso.tools.win32_11.0.1.201907311258/tools/bin/../lib/gcc/arm-none-eabi/8.2.1/../../../../arm-none-eabi/lib/thumb/v6-m/nofp\libcr_c.a(fputs.o)
[...]
Memory Configuration

Name             Origin             Length             Attributes
PROGRAM_FLASH    0x00000000         0x00020000         xr
SRAM             0x1ffff000         0x00004000         xrw
*default*        0x00000000         0xffffffff

Linker script and memory map

LOAD ./utilities/fsl_debug_console.o
LOAD ./startup/startup_mkl25z4.o
LOAD ./source/main.o
LOAD ./source/mtb.o
LOAD ./source/semihost_hardfault.o
LOAD ./drivers/fsl_clock.o
LOAD ./drivers/fsl_common.o
LOAD ./drivers/fsl_dma.o
LOAD ./drivers/fsl_dmamux.o
LOAD ./drivers/fsl_flash.o
LOAD ./drivers/fsl_gpio.o
LOAD ./drivers/fsl_i2c.o
LOAD ./drivers/fsl_i2c_dma.o
LOAD ./drivers/fsl_lpsci.o
LOAD ./drivers/fsl_lpsci_dma.o
LOAD ./drivers/fsl_smc.o
LOAD ./drivers/fsl_uart.o
LOAD ./drivers/fsl_uart_dma.o
LOAD ./board/board.o
LOAD ./board/clock_config.o
LOAD ./board/pin_mux.o
LOAD ./CMSIS_driver/fsl_i2c_cmsis.o
LOAD ./CMSIS/system_MKL25Z4.o
START GROUP
LOAD c:/nxp/mcuxpressoide_11.0.1_2563/ide/plugins/com.nxp.mcuxpresso.tools.win32_11.0.1.201907311258/tools/bin/../lib/gcc/arm-none-eabi/8.2.1/../../../../arm-none-eabi/lib/thumb/v6-m/nofp\libcr_semihost_nf.a
LOAD c:/nxp/mcuxpressoide_11.0.1_2563/ide/plugins/com.nxp.mcuxpresso.tools.win32_11.0.1.201907311258/tools/bin/../lib/gcc/arm-none-eabi/8.2.1/../../../../arm-none-eabi/lib/thumb/v6-m/nofp\libcr_c.a
LOAD c:/nxp/mcuxpressoide_11.0.1_2563/ide/plugins/com.nxp.mcuxpresso.tools.win32_11.0.1.201907311258/tools/bin/../lib/gcc/arm-none-eabi/8.2.1/thumb/v6-m/nofp\libcr_eabihelpers.a
LOAD c:/nxp/mcuxpressoide_11.0.1_2563/ide/plugins/com.nxp.mcuxpresso.tools.win32_11.0.1.201907311258/tools/bin/../lib/gcc/arm-none-eabi/8.2.1/thumb/v6-m/nofp\libgcc.a
END GROUP
                0x00000000                __base_PROGRAM_FLASH = 0x0
                0x00000000                __base_Flash = 0x0
                0x00020000                __top_PROGRAM_FLASH = 0x20000
                0x00020000                __top_Flash = 0x20000
                0x1ffff000                __base_SRAM = 0x1ffff000
                0x1ffff000                __base_RAM = 0x1ffff000
                0x20003000                __top_SRAM = 0x20003000
                0x20003000                __top_RAM = 0x20003000

.text           0x00000000     0x7cec
 FILL mask 0xff
                0x00000000                __vectors_start__ = ABSOLUTE (.)
 *(SORT_BY_ALIGNMENT(.isr_vector))
 .isr_vector    0x00000000       0xc0 ./startup/startup_mkl25z4.o
                0x00000000                g_pfnVectors
                0x00000000                __Vectors
                0x000000c0                . = ALIGN (0x4)
                0x000000c0                __section_table_start = .
                0x000000c0                __data_section_table = .
                0x000000c0        0x4 LONG 0x7cec LOADADDR (.data)
                0x000000c4        0x4 LONG 0x1ffff080 ADDR (.data)
                0x000000c8        0x4 LONG 0x20 SIZEOF (.data)
                0x000000cc                __data_section_table_end = .
                0x000000cc                __bss_section_table = .
                0x000000cc        0x4 LONG 0x1ffff0a0 ADDR (.bss)
                0x000000d0        0x4 LONG 0x180 SIZEOF (.bss)
                0x000000d4                __bss_section_table_end = .
                0x000000d4                __section_table_end = .
 *(SORT_BY_ALIGNMENT(.after_vectors*))
 .after_vectors.reset
                0x000000d4       0x4c ./startup/startup_mkl25z4.o
                0x000000d4                ResetISR
 .after_vectors.init_data
                0x00000120       0x12 ./startup/startup_mkl25z4.o
                0x00000120                data_init
 .after_vectors.init_bss
                0x00000132       0x10 ./startup/startup_mkl25z4.o
                0x00000132                bss_init
 .after_vectors
                0x00000142      0x10c ./startup/startup_mkl25z4.o
                0x00000142                NMI_Handler
                0x00000146                SVC_Handler
                0x00000148                PendSV_Handler
                0x0000014a                SysTick_Handler
                0x0000014c                LPTMR0_DriverIRQHandler
                0x0000014c                SPI1_DriverIRQHandler
                0x0000014c                PORTD_DriverIRQHandler
                0x0000014c                Reserved39_DriverIRQHandler
                0x0000014c                CMP0_DriverIRQHandler
                0x0000014c                ADC0_DriverIRQHandler
                0x0000014c                SPI0_DriverIRQHandler
                0x0000014c                TPM2_DriverIRQHandler
                0x0000014c                LVD_LVW_DriverIRQHandler
                0x0000014c                PIT_DriverIRQHandler
                0x0000014c                TSI0_DriverIRQHandler
                0x0000014c                RTC_Seconds_DriverIRQHandler
                0x0000014c                RTC_DriverIRQHandler
                0x0000014c                TPM1_DriverIRQHandler
                0x0000014c                LLWU_DriverIRQHandler
                0x0000014c                MCG_DriverIRQHandler
                0x0000014c                PORTA_DriverIRQHandler
                0x0000014c                Reserved45_DriverIRQHandler
                0x0000014c                Reserved20_DriverIRQHandler
                0x0000014c                FTFA_DriverIRQHandler
                0x0000014c                IntDefaultHandler
                0x0000014c                USB0_DriverIRQHandler
                0x0000014c                DAC0_DriverIRQHandler
                0x0000014c                TPM0_DriverIRQHandler
                0x0000014e                DMA0_IRQHandler
                0x00000156                DMA1_IRQHandler
                0x0000015e                DMA2_IRQHandler
                0x00000166                DMA3_IRQHandler
                0x0000016e                Reserved20_IRQHandler
                0x00000176                FTFA_IRQHandler
                0x0000017e                LVD_LVW_IRQHandler
                0x00000186                LLWU_IRQHandler
                0x0000018e                I2C0_IRQHandler
                0x00000196                I2C1_IRQHandler
                0x0000019e                SPI0_IRQHandler
                0x000001a6                SPI1_IRQHandler
                0x000001ae                UART0_IRQHandler
                0x000001b6                UART1_IRQHandler
                0x000001be                UART2_IRQHandler
                0x000001c6                ADC0_IRQHandler
                0x000001ce                CMP0_IRQHandler
                0x000001d6                TPM0_IRQHandler
                0x000001de                TPM1_IRQHandler
                0x000001e6                TPM2_IRQHandler
                0x000001ee                RTC_IRQHandler
                0x000001f6                RTC_Seconds_IRQHandler
                0x000001fe                PIT_IRQHandler
                0x00000206                Reserved39_IRQHandler
                0x0000020e                USB0_IRQHandler
                0x00000216                DAC0_IRQHandler
                0x0000021e                TSI0_IRQHandler
                0x00000226                MCG_IRQHandler
                0x0000022e                LPTMR0_IRQHandler
                0x00000236                Reserved45_IRQHandler
                0x0000023e                PORTA_IRQHandler
                0x00000246                PORTD_IRQHandler
                0x00000400                . = 0x400
 *fill*         0x0000024e      0x1b2 ff
                0x00000400                PROVIDE (__FLASH_CONFIG_START__ = .)
 *(SORT_BY_ALIGNMENT(.FlashConfig))
 .FlashConfig   0x00000400       0x10 ./startup/startup_mkl25z4.o
                0x00000400                Flash_Config
                0x00000410                PROVIDE (__FLASH_CONFIG_END__ = .)
                0x00000001                ASSERT (! ((__FLASH_CONFIG_START__ == __FLASH_CONFIG_END__)), Linker Flash Config Support Enabled, but no .FlashConfig section provided within application)
 *(SORT_BY_ALIGNMENT(.text*))
 .text.CLOCK_EnableClock
                0x00000410       0x34 ./source/main.o
 .text.CLOCK_SetLpsci0Clock
                0x00000444       0x38 ./source/main.o
 .text.DMAMUX_EnableChannel
                0x0000047c       0x40 ./source/main.o
 .text.DMAMUX_SetSource
                0x000004bc       0x50 ./source/main.o
 .text.PORT_SetPinConfig
                0x0000050c       0x38 ./source/main.o
 .text.LPSCI_UserCallback
                0x00000544       0x58 ./source/main.o
                0x00000544                LPSCI_UserCallback
 .text.BOARD_I2C_ReleaseBus
                0x0000059c      0x124 ./source/main.o
                0x0000059c                BOARD_I2C_ReleaseBus
 .text.I2C_MasterSignalEvent_t
                0x000006c0       0x30 ./source/main.o
                0x000006c0                I2C_MasterSignalEvent_t
 .text.I2C_ReadAccelWhoAmI
                0x000006f0      0x1d0 ./source/main.o
 .text.I2C_WriteAccelReg
                0x000008c0       0x94 ./source/main.o
 .text.I2C_ReadAccelRegs
                0x00000954       0xbc ./source/main.o
 .text.LPSI_conf
                0x00000a10       0xcc ./source/main.o
                0x00000a10                LPSI_conf
 .text.main     0x00000adc      0x430 ./source/main.o
                0x00000adc                main
 .text.HardFault_Handler
                0x00000f0c       0x30 ./source/semihost_hardfault.o
                0x00000f0c                HardFault_Handler
 .text.CLOCK_SetEr32kClock
                0x00000f3c       0x34 ./drivers/fsl_clock.o
 .text.CLOCK_SetPllFllSelClock
                0x00000f70       0x38 ./drivers/fsl_clock.o
 .text.CLOCK_GetMcgExtClkFreq
                0x00000fa8       0x28 ./drivers/fsl_clock.o
 .text.CLOCK_GetFllExtRefClkFreq
                0x00000fd0       0xa4 ./drivers/fsl_clock.o
 .text.CLOCK_GetInternalRefClkSelectFreq
                0x00001074       0x40 ./drivers/fsl_clock.o
 .text.CLOCK_GetFllRefClkFreq
                0x000010b4       0x2c ./drivers/fsl_clock.o
 .text.CLOCK_GetOscRangeFromFreq
                0x000010e0       0x4c ./drivers/fsl_clock.o
 .text.CLOCK_GetOsc0ErClkFreq
                0x0000112c       0x3c ./drivers/fsl_clock.o
                0x0000112c                CLOCK_GetOsc0ErClkFreq
 .text.CLOCK_GetEr32kClkFreq
                0x00001168       0x74 ./drivers/fsl_clock.o
                0x00001168                CLOCK_GetEr32kClkFreq
 .text.CLOCK_GetPllFllSelClkFreq
                0x000011dc       0x4c ./drivers/fsl_clock.o
                0x000011dc                CLOCK_GetPllFllSelClkFreq
 .text.CLOCK_GetFreq
                0x00001228       0xe0 ./drivers/fsl_clock.o
                0x00001228                CLOCK_GetFreq
 .text.CLOCK_SetSimConfig
                0x00001308       0x38 ./drivers/fsl_clock.o
                0x00001308                CLOCK_SetSimConfig
 .text.CLOCK_GetOutClkFreq
                0x00001340       0x68 ./drivers/fsl_clock.o
                0x00001340                CLOCK_GetOutClkFreq
 .text.CLOCK_GetFllFreq
                0x000013a8       0x84 ./drivers/fsl_clock.o
                0x000013a8                CLOCK_GetFllFreq
 .text.CLOCK_GetInternalRefClkFreq
                0x0000142c       0x28 ./drivers/fsl_clock.o
                0x0000142c                CLOCK_GetInternalRefClkFreq
 .text.CLOCK_GetPll0Freq
                0x00001454       0x70 ./drivers/fsl_clock.o
                0x00001454                CLOCK_GetPll0Freq
 .text.CLOCK_SetInternalRefClkConfig
                0x000014c4      0x124 ./drivers/fsl_clock.o
                0x000014c4                CLOCK_SetInternalRefClkConfig
 .text.CLOCK_EnablePll0
                0x000015e8       0x90 ./drivers/fsl_clock.o
                0x000015e8                CLOCK_EnablePll0
 .text.CLOCK_InitOsc0
                0x00001678       0x94 ./drivers/fsl_clock.o
                0x00001678                CLOCK_InitOsc0
 .text.CLOCK_SetPbeMode
                0x0000170c       0xb0 ./drivers/fsl_clock.o
                0x0000170c                CLOCK_SetPbeMode
 .text.CLOCK_BootToPeeMode
                0x000017bc       0x70 ./drivers/fsl_clock.o
                0x000017bc                CLOCK_BootToPeeMode
 .text.NVIC_EnableIRQ
                0x0000182c       0x2c ./drivers/fsl_dma.o
 .text.CLOCK_EnableClock
                0x00001858       0x34 ./drivers/fsl_dma.o
 .text.DMA_EnableInterrupts
                0x0000188c       0x4c ./drivers/fsl_dma.o
 .text.DMA_ClearChannelStatusFlags
                0x000018d8       0x54 ./drivers/fsl_dma.o
 .text.DMA_GetInstance
                0x0000192c       0x48 ./drivers/fsl_dma.o
 .text.DMA_Init
                0x00001974       0x24 ./drivers/fsl_dma.o
                0x00001974                DMA_Init
 .text.DMA_ResetChannel
                0x00001998       0x90 ./drivers/fsl_dma.o
                0x00001998                DMA_ResetChannel
 .text.DMA_SetTransferConfig
                0x00001a28       0xdc ./drivers/fsl_dma.o
                0x00001a28                DMA_SetTransferConfig
 .text.DMA_CreateHandle
                0x00001b04       0x90 ./drivers/fsl_dma.o
                0x00001b04                DMA_CreateHandle
 .text.DMA_PrepareTransfer
                0x00001b94      0x130 ./drivers/fsl_dma.o
                0x00001b94                DMA_PrepareTransfer
 .text.DMA_SetCallback
                0x00001cc4       0x34 ./drivers/fsl_dma.o
                0x00001cc4                DMA_SetCallback
 .text.DMA_SubmitTransfer
                0x00001cf8       0x9c ./drivers/fsl_dma.o
                0x00001cf8                DMA_SubmitTransfer
 .text.DMA_HandleIRQ
                0x00001d94       0x4c ./drivers/fsl_dma.o
                0x00001d94                DMA_HandleIRQ
 .text.DMA0_DriverIRQHandler
                0x00001de0       0x18 ./drivers/fsl_dma.o
                0x00001de0                DMA0_DriverIRQHandler
 .text.DMA1_DriverIRQHandler
                0x00001df8       0x18 ./drivers/fsl_dma.o
                0x00001df8                DMA1_DriverIRQHandler
 .text.DMA2_DriverIRQHandler
                0x00001e10       0x18 ./drivers/fsl_dma.o
                0x00001e10                DMA2_DriverIRQHandler
 .text.DMA3_DriverIRQHandler
                0x00001e28       0x18 ./drivers/fsl_dma.o
                0x00001e28                DMA3_DriverIRQHandler
 .text.CLOCK_EnableClock
                0x00001e40       0x34 ./drivers/fsl_dmamux.o
 .text.DMAMUX_GetInstance
                0x00001e74       0x48 ./drivers/fsl_dmamux.o
 .text.DMAMUX_Init
                0x00001ebc       0x24 ./drivers/fsl_dmamux.o
                0x00001ebc                DMAMUX_Init
 .text.GPIO_PinInit
                0x00001ee0       0x64 ./drivers/fsl_gpio.o
                0x00001ee0                GPIO_PinInit
 .text.NVIC_EnableIRQ
                0x00001f44       0x2c ./drivers/fsl_i2c.o
 .text.CLOCK_DisableClock
                0x00001f70       0x38 ./drivers/fsl_i2c.o
 .text.I2C_GetInstance
                0x00001fa8       0x4c ./drivers/fsl_i2c.o
                0x00001fa8                I2C_GetInstance
 .text.I2C_InitTransferStateMachine
                0x00001ff4       0x9c ./drivers/fsl_i2c.o
 .text.I2C_CheckAndClearError
                0x00002090       0x40 ./drivers/fsl_i2c.o
 .text.I2C_MasterTransferRunStateMachine
                0x000020d0      0x264 ./drivers/fsl_i2c.o
 .text.I2C_TransferCommonIRQHandler
                0x00002334       0x54 ./drivers/fsl_i2c.o
 .text.I2C_MasterDeinit
                0x00002388       0x34 ./drivers/fsl_i2c.o
                0x00002388                I2C_MasterDeinit
 .text.I2C_MasterSetBaudRate
                0x000023bc       0xf0 ./drivers/fsl_i2c.o
                0x000023bc                I2C_MasterSetBaudRate
 .text.I2C_MasterStart
                0x000024ac       0x74 ./drivers/fsl_i2c.o
                0x000024ac                I2C_MasterStart
 .text.I2C_MasterRepeatedStart
                0x00002520       0xbc ./drivers/fsl_i2c.o
                0x00002520                I2C_MasterRepeatedStart
 .text.I2C_MasterTransferCreateHandle
                0x000025dc       0x7c ./drivers/fsl_i2c.o
                0x000025dc                I2C_MasterTransferCreateHandle
 .text.I2C_MasterTransferNonBlocking
                0x00002658       0x70 ./drivers/fsl_i2c.o
                0x00002658                I2C_MasterTransferNonBlocking
 .text.I2C_MasterTransferAbort
                0x000026c8       0xbc ./drivers/fsl_i2c.o
                0x000026c8                I2C_MasterTransferAbort
 .text.I2C_MasterTransferHandleIRQ
                0x00002784       0xbc ./drivers/fsl_i2c.o
                0x00002784                I2C_MasterTransferHandleIRQ
 .text.I2C_SlaveTransferCreateHandle
                0x00002840       0x7c ./drivers/fsl_i2c.o
                0x00002840                I2C_SlaveTransferCreateHandle
 .text.I2C_SlaveTransferNonBlocking
                0x000028bc       0x7c ./drivers/fsl_i2c.o
                0x000028bc                I2C_SlaveTransferNonBlocking
 .text.I2C_SlaveTransferAbort
                0x00002938       0x4c ./drivers/fsl_i2c.o
                0x00002938                I2C_SlaveTransferAbort
 .text.I2C_SlaveTransferHandleIRQ
                0x00002984      0x2f8 ./drivers/fsl_i2c.o
                0x00002984                I2C_SlaveTransferHandleIRQ
 .text.I2C0_DriverIRQHandler
                0x00002c7c       0x20 ./drivers/fsl_i2c.o
                0x00002c7c                I2C0_DriverIRQHandler
 .text.I2C1_DriverIRQHandler
                0x00002c9c       0x20 ./drivers/fsl_i2c.o
                0x00002c9c                I2C1_DriverIRQHandler
 .text.CLOCK_EnableClock
                0x00002cbc       0x34 ./drivers/fsl_lpsci.o
 .text.LPSCI_GetInstance
                0x00002cf0       0x48 ./drivers/fsl_lpsci.o
                0x00002cf0                LPSCI_GetInstance
 .text.LPSCI_Init
                0x00002d38      0x258 ./drivers/fsl_lpsci.o
                0x00002d38                LPSCI_Init
 .text.LPSCI_GetDefaultConfig
                0x00002f90       0x44 ./drivers/fsl_lpsci.o
                0x00002f90                LPSCI_GetDefaultConfig
 .text.UART0_DriverIRQHandler
                0x00002fd4       0x24 ./drivers/fsl_lpsci.o
                0x00002fd4                UART0_DriverIRQHandler
 .text.DMA_DisableInterrupts
                0x00002ff8       0x48 ./drivers/fsl_lpsci_dma.o
 .text.DMA_StartTransfer
                0x00003040       0x54 ./drivers/fsl_lpsci_dma.o
 .text.LPSCI_TransferSendDMACallback
                0x00003094       0x84 ./drivers/fsl_lpsci_dma.o
 .text.LPSCI_TransferReceiveDMACallback
                0x00003118       0x84 ./drivers/fsl_lpsci_dma.o
 .text.LPSCI_TransferCreateHandleDMA
                0x0000319c       0xb8 ./drivers/fsl_lpsci_dma.o
                0x0000319c                LPSCI_TransferCreateHandleDMA
 .text.LPSCI_TransferSendDMA
                0x00003254       0xe8 ./drivers/fsl_lpsci_dma.o
                0x00003254                LPSCI_TransferSendDMA
 .text.UART1_DriverIRQHandler
                0x0000333c       0x24 ./drivers/fsl_uart.o
                0x0000333c                UART1_DriverIRQHandler
 .text.UART2_DriverIRQHandler
                0x00003360       0x24 ./drivers/fsl_uart.o
                0x00003360                UART2_DriverIRQHandler
 .text.CLOCK_SetSimSafeDivs
                0x00003384       0x20 ./board/clock_config.o
 .text.CLOCK_SetXtal0Freq
                0x000033a4       0x1c ./board/clock_config.o
 .text.CLOCK_CONFIG_SetFllExtRefDiv
                0x000033c0       0x3c ./board/clock_config.o
 .text.BOARD_BootClockRUN
                0x000033fc       0x64 ./board/clock_config.o
                0x000033fc                BOARD_BootClockRUN
 .text.CLOCK_EnableClock
                0x00003460       0x34 ./board/pin_mux.o
 .text.PORT_SetPinMux
                0x00003494       0x40 ./board/pin_mux.o
 .text.BOARD_InitPins
                0x000034d4       0x4c ./board/pin_mux.o
                0x000034d4                BOARD_InitPins
 .text.I2C0_InitPins
                0x00003520       0x34 ./board/pin_mux.o
                0x00003520                I2C0_InitPins
 .text.I2C0_DeinitPins
                0x00003554       0x28 ./board/pin_mux.o
                0x00003554                I2C0_DeinitPins
 .text.CLOCK_EnableClock
                0x0000357c       0x34 ./CMSIS_driver/fsl_i2c_cmsis.o
 .text.I2Cx_GetVersion
                0x000035b0       0x34 ./CMSIS_driver/fsl_i2c_cmsis.o
 .text.KSDK_I2C_MASTER_InterruptCallback
                0x000035e4       0x5c ./CMSIS_driver/fsl_i2c_cmsis.o
 .text.I2C_Master_InterruptTransmit
                0x00003640       0xfc ./CMSIS_driver/fsl_i2c_cmsis.o
                0x00003640                I2C_Master_InterruptTransmit
 .text.I2C_Master_InterruptReceive
                0x0000373c       0xfc ./CMSIS_driver/fsl_i2c_cmsis.o
                0x0000373c                I2C_Master_InterruptReceive
 .text.I2C_Slave_InterruptTransmit
                0x00003838       0x88 ./CMSIS_driver/fsl_i2c_cmsis.o
                0x00003838                I2C_Slave_InterruptTransmit
 .text.I2C_Slave_InterruptReceive
                0x000038c0       0x94 ./CMSIS_driver/fsl_i2c_cmsis.o
                0x000038c0                I2C_Slave_InterruptReceive
 .text.I2C_InterruptControl
                0x00003954      0x148 ./CMSIS_driver/fsl_i2c_cmsis.o
                0x00003954                I2C_InterruptControl
 .text.I2C_InterruptPowerControl
                0x00003a9c       0x78 ./CMSIS_driver/fsl_i2c_cmsis.o
 .text.I2C0_InterruptInitialize
                0x00003b14       0x28 ./CMSIS_driver/fsl_i2c_cmsis.o
 .text.I2C0_InterruptUninitialize
                0x00003b3c       0x1c ./CMSIS_driver/fsl_i2c_cmsis.o
 .text.I2C0_InterruptPowerControl
                0x00003b58       0x28 ./CMSIS_driver/fsl_i2c_cmsis.o
 .text.I2C0_Master_InterruptTransmit
                0x00003b80       0x34 ./CMSIS_driver/fsl_i2c_cmsis.o
                0x00003b80                I2C0_Master_InterruptTransmit
 .text.I2C0_Master_InterruptReceive
                0x00003bb4       0x34 ./CMSIS_driver/fsl_i2c_cmsis.o
                0x00003bb4                I2C0_Master_InterruptReceive
 .text.I2C0_Slave_InterruptTransmit
                0x00003be8       0x24 ./CMSIS_driver/fsl_i2c_cmsis.o
                0x00003be8                I2C0_Slave_InterruptTransmit
 .text.I2C0_Slave_InterruptReceive
                0x00003c0c       0x24 ./CMSIS_driver/fsl_i2c_cmsis.o
                0x00003c0c                I2C0_Slave_InterruptReceive
 .text.I2C0_InterruptGetDataCount
                0x00003c30       0x18 ./CMSIS_driver/fsl_i2c_cmsis.o
                0x00003c30                I2C0_InterruptGetDataCount
 .text.I2C0_InterruptControl
                0x00003c48       0x24 ./CMSIS_driver/fsl_i2c_cmsis.o
                0x00003c48                I2C0_InterruptControl
 .text.I2C0_InterruptGetStatus
                0x00003c6c       0x18 ./CMSIS_driver/fsl_i2c_cmsis.o
                0x00003c6c                I2C0_InterruptGetStatus
 .text.SystemInit
                0x00003c84       0x18 ./CMSIS/system_MKL25Z4.o
                0x00003c84                SystemInit
 .text.__assertion_failed
                0x00003c9c       0x4c c:/nxp/mcuxpressoide_11.0.1_2563/ide/plugins/com.nxp.mcuxpresso.tools.win32_11.0.1.201907311258/tools/bin/../lib/gcc/arm-none-eabi/8.2.1/../../../../arm-none-eabi/lib/thumb/v6-m/nofp\libcr_semihost_nf.a(_cr_assert.o)
                0x00003c9c                __assertion_failed
 .text.__sys_appexit
                0x00003ce8        0xc c:/nxp/mcuxpressoide_11.0.1_2563/ide/plugins/com.nxp.mcuxpresso.tools.win32_11.0.1.201907311258/tools/bin/../lib/gcc/arm-none-eabi/8.2.1/../../../../arm-none-eabi/lib/thumb/v6-m/nofp\libcr_semihost_nf.a(__sys_appexit.o)
                0x00003ce8                __sys_appexit
                0x00003ce8                __exit
 .text._deferredlazyseek
                0x00003cf4       0x40 c:/nxp/mcuxpressoide_11.0.1_2563/ide/plugins/com.nxp.mcuxpresso.tools.win32_11.0.1.201907311258/tools/bin/../lib/gcc/arm-none-eabi/8.2.1/../../../../arm-none-eabi/lib/thumb/v6-m/nofp\libcr_c.a(_deferredlazyseek.o)
                0x00003cf4                _deferredlazyseek
 .text.__flsbuf
                0x00003d34      0x14c c:/nxp/mcuxpressoide_11.0.1_2563/ide/plugins/com.nxp.mcuxpresso.tools.win32_11.0.1.201907311258/tools/bin/../lib/gcc/arm-none-eabi/8.2.1/../../../../arm-none-eabi/lib/thumb/v6-m/nofp\libcr_c.a(_deferredlazyseek.o)
                0x00003d34                __flsbuf
 .text._fflush  0x00003e80       0x5c c:/nxp/mcuxpressoide_11.0.1_2563/ide/plugins/com.nxp.mcuxpresso.tools.win32_11.0.1.201907311258/tools/bin/../lib/gcc/arm-none-eabi/8.2.1/../../../../arm-none-eabi/lib/thumb/v6-m/nofp\libcr_c.a(_fflush.o)
                0x00003e80                _fflush
 .text._Cwritebuf
                0x00003edc       0x68 c:/nxp/mcuxpressoide_11.0.1_2563/ide/plugins/com.nxp.mcuxpresso.tools.win32_11.0.1.201907311258/tools/bin/../lib/gcc/arm-none-eabi/8.2.1/../../../../arm-none-eabi/lib/thumb/v6-m/nofp\libcr_c.a(_writebuf.o)
                0x00003edc                _Cwritebuf
 .text.malloc   0x00003f44       0xcc c:/nxp/mcuxpressoide_11.0.1_2563/ide/plugins/com.nxp.mcuxpresso.tools.win32_11.0.1.201907311258/tools/bin/../lib/gcc/arm-none-eabi/8.2.1/../../../../arm-none-eabi/lib/thumb/v6-m/nofp\libcr_c.a(alloc.o)
                0x00003f44                malloc
 .text._Csys_alloc
                0x00004010       0x20 c:/nxp/mcuxpressoide_11.0.1_2563/ide/plugins/com.nxp.mcuxpresso.tools.win32_11.0.1.201907311258/tools/bin/../lib/gcc/arm-none-eabi/8.2.1/../../../../arm-none-eabi/lib/thumb/v6-m/nofp\libcr_c.a(alloc.o)
                0x00004010                _Csys_alloc
 .text.atan     0x00004030      0x204 c:/nxp/mcuxpressoide_11.0.1_2563/ide/plugins/com.nxp.mcuxpresso.tools.win32_11.0.1.201907311258/tools/bin/../lib/gcc/arm-none-eabi/8.2.1/../../../../arm-none-eabi/lib/thumb/v6-m/nofp\libcr_c.a(atan.o)
                0x00004030                atan
 .text.fseek    0x00004234       0xf0 c:/nxp/mcuxpressoide_11.0.1_2563/ide/plugins/com.nxp.mcuxpresso.tools.win32_11.0.1.201907311258/tools/bin/../lib/gcc/arm-none-eabi/8.2.1/../../../../arm-none-eabi/lib/thumb/v6-m/nofp\libcr_c.a(fseek.o)
                0x00004234                fseek
 .text.ftell    0x00004324       0x48 c:/nxp/mcuxpressoide_11.0.1_2563/ide/plugins/com.nxp.mcuxpresso.tools.win32_11.0.1.201907311258/tools/bin/../lib/gcc/arm-none-eabi/8.2.1/../../../../arm-none-eabi/lib/thumb/v6-m/nofp\libcr_c.a(ftell.o)
                0x00004324                ftell
 .text._initio  0x0000436c       0x7c c:/nxp/mcuxpressoide_11.0.1_2563/ide/plugins/com.nxp.mcuxpresso.tools.win32_11.0.1.201907311258/tools/bin/../lib/gcc/arm-none-eabi/8.2.1/../../../../arm-none-eabi/lib/thumb/v6-m/nofp\libcr_c.a(initio.o)
                0x0000436c                _initio
 .text.__vfprintf
                0x000043e8      0xcd8 c:/nxp/mcuxpressoide_11.0.1_2563/ide/plugins/com.nxp.mcuxpresso.tools.win32_11.0.1.201907311258/tools/bin/../lib/gcc/arm-none-eabi/8.2.1/../../../../arm-none-eabi/lib/thumb/v6-m/nofp\libcr_c.a(printf.o)
                0x000043e8                __vfprintf
 .text._vsnprintf
                0x000050c0       0x70 c:/nxp/mcuxpressoide_11.0.1_2563/ide/plugins/com.nxp.mcuxpresso.tools.win32_11.0.1.201907311258/tools/bin/../lib/gcc/arm-none-eabi/8.2.1/../../../../arm-none-eabi/lib/thumb/v6-m/nofp\libcr_c.a(printf.o)
                0x000050c0                _vsnprintf
 .text._printf  0x00005130       0x50 c:/nxp/mcuxpressoide_11.0.1_2563/ide/plugins/com.nxp.mcuxpresso.tools.win32_11.0.1.201907311258/tools/bin/../lib/gcc/arm-none-eabi/8.2.1/../../../../arm-none-eabi/lib/thumb/v6-m/nofp\libcr_c.a(printf.o)
                0x00005130                _printf
 .text.setvbuf  0x00005180       0x4c c:/nxp/mcuxpressoide_11.0.1_2563/ide/plugins/com.nxp.mcuxpresso.tools.win32_11.0.1.201907311258/tools/bin/../lib/gcc/arm-none-eabi/8.2.1/../../../../arm-none-eabi/lib/thumb/v6-m/nofp\libcr_c.a(setvbuf.o)
                0x00005180                setvbuf
 .text.sqrt     0x000051cc      0x13c c:/nxp/mcuxpressoide_11.0.1_2563/ide/plugins/com.nxp.mcuxpresso.tools.win32_11.0.1.201907311258/tools/bin/../lib/gcc/arm-none-eabi/8.2.1/../../../../arm-none-eabi/lib/thumb/v6-m/nofp\libcr_c.a(sqrt.o)
                0x000051cc                sqrt
 .text.strlen   0x00005308       0x58 c:/nxp/mcuxpressoide_11.0.1_2563/ide/plugins/com.nxp.mcuxpresso.tools.win32_11.0.1.201907311258/tools/bin/../lib/gcc/arm-none-eabi/8.2.1/../../../../arm-none-eabi/lib/thumb/v6-m/nofp\libcr_c.a(strlen.o)
                0x00005308                strlen
 .text._sbrk    0x00005360       0x40 c:/nxp/mcuxpressoide_11.0.1_2563/ide/plugins/com.nxp.mcuxpresso.tools.win32_11.0.1.201907311258/tools/bin/../lib/gcc/arm-none-eabi/8.2.1/../../../../arm-none-eabi/lib/thumb/v6-m/nofp\libcr_c.a(_cr_sbrk.o)
                0x00005360                _sbrk
 .text._fdopen  0x000053a0       0x74 c:/nxp/mcuxpressoide_11.0.1_2563/ide/plugins/com.nxp.mcuxpresso.tools.win32_11.0.1.201907311258/tools/bin/../lib/gcc/arm-none-eabi/8.2.1/../../../../arm-none-eabi/lib/thumb/v6-m/nofp\libcr_c.a(_fdopen.o)
                0x000053a0                _fdopen
 .text.fclose   0x00005414       0x5c c:/nxp/mcuxpressoide_11.0.1_2563/ide/plugins/com.nxp.mcuxpresso.tools.win32_11.0.1.201907311258/tools/bin/../lib/gcc/arm-none-eabi/8.2.1/../../../../arm-none-eabi/lib/thumb/v6-m/nofp\libcr_c.a(fclose.o)
                0x00005414                fclose
 .text.fflush   0x00005470       0x44 c:/nxp/mcuxpressoide_11.0.1_2563/ide/plugins/com.nxp.mcuxpresso.tools.win32_11.0.1.201907311258/tools/bin/../lib/gcc/arm-none-eabi/8.2.1/../../../../arm-none-eabi/lib/thumb/v6-m/nofp\libcr_c.a(fflush.o)
                0x00005470                fflush
 .text.__check_heap_overflow
                0x000054b4       0x14 c:/nxp/mcuxpressoide_11.0.1_2563/ide/plugins/com.nxp.mcuxpresso.tools.win32_11.0.1.201907311258/tools/bin/../lib/gcc/arm-none-eabi/8.2.1/../../../../arm-none-eabi/lib/thumb/v6-m/nofp\libcr_c.a(_cr_check_heap.o)
                0x000054b4                __check_heap_overflow
 .text._do_fflush
                0x000054c8       0x44 c:/nxp/mcuxpressoide_11.0.1_2563/ide/plugins/com.nxp.mcuxpresso.tools.win32_11.0.1.201907311258/tools/bin/../lib/gcc/arm-none-eabi/8.2.1/../../../../arm-none-eabi/lib/thumb/v6-m/nofp\libcr_c.a(_do_fflush.o)
                0x000054c8                _do_fflush
 .text.__aeabi_dmul
                0x0000550c      0x188 c:/nxp/mcuxpressoide_11.0.1_2563/ide/plugins/com.nxp.mcuxpresso.tools.win32_11.0.1.201907311258/tools/bin/../lib/gcc/arm-none-eabi/8.2.1/thumb/v6-m/nofp\libcr_eabihelpers.a(double.o)
                0x0000550c                __aeabi_dmul
 .text.__aeabi_ddiv
                0x00005694      0x148 c:/nxp/mcuxpressoide_11.0.1_2563/ide/plugins/com.nxp.mcuxpresso.tools.win32_11.0.1.201907311258/tools/bin/../lib/gcc/arm-none-eabi/8.2.1/thumb/v6-m/nofp\libcr_eabihelpers.a(double.o)
                0x00005694                __aeabi_ddiv
 .text.__aeabi_dsub
                0x000057dc      0x1c4 c:/nxp/mcuxpressoide_11.0.1_2563/ide/plugins/com.nxp.mcuxpresso.tools.win32_11.0.1.201907311258/tools/bin/../lib/gcc/arm-none-eabi/8.2.1/thumb/v6-m/nofp\libcr_eabihelpers.a(double.o)
                0x000057dc                __aeabi_dsub
 .text.__aeabi_dadd
                0x000059a0      0x12c c:/nxp/mcuxpressoide_11.0.1_2563/ide/plugins/com.nxp.mcuxpresso.tools.win32_11.0.1.201907311258/tools/bin/../lib/gcc/arm-none-eabi/8.2.1/thumb/v6-m/nofp\libcr_eabihelpers.a(double.o)
                0x000059a0                __aeabi_dadd
 .text.__aeabi_d2f
                0x00005acc       0x60 c:/nxp/mcuxpressoide_11.0.1_2563/ide/plugins/com.nxp.mcuxpresso.tools.win32_11.0.1.201907311258/tools/bin/../lib/gcc/arm-none-eabi/8.2.1/thumb/v6-m/nofp\libcr_eabihelpers.a(double.o)
                0x00005acc                __aeabi_d2f
 .text.__aeabi_d2iz
                0x00005b2c       0x4c c:/nxp/mcuxpressoide_11.0.1_2563/ide/plugins/com.nxp.mcuxpresso.tools.win32_11.0.1.201907311258/tools/bin/../lib/gcc/arm-none-eabi/8.2.1/thumb/v6-m/nofp\libcr_eabihelpers.a(double.o)
                0x00005b2c                __aeabi_d2iz
 .text.__aeabi_dcmplt
                0x00005b78       0x60 c:/nxp/mcuxpressoide_11.0.1_2563/ide/plugins/com.nxp.mcuxpresso.tools.win32_11.0.1.201907311258/tools/bin/../lib/gcc/arm-none-eabi/8.2.1/thumb/v6-m/nofp\libcr_eabihelpers.a(double.o)
                0x00005b78                __aeabi_dcmplt
 .text.__aeabi_dcmpgt
                0x00005bd8       0x58 c:/nxp/mcuxpressoide_11.0.1_2563/ide/plugins/com.nxp.mcuxpresso.tools.win32_11.0.1.201907311258/tools/bin/../lib/gcc/arm-none-eabi/8.2.1/thumb/v6-m/nofp\libcr_eabihelpers.a(double.o)
                0x00005bd8                __aeabi_dcmpgt
 .text.__aeabi_dcmple
                0x00005c30       0x58 c:/nxp/mcuxpressoide_11.0.1_2563/ide/plugins/com.nxp.mcuxpresso.tools.win32_11.0.1.201907311258/tools/bin/../lib/gcc/arm-none-eabi/8.2.1/thumb/v6-m/nofp\libcr_eabihelpers.a(double.o)
                0x00005c30                __aeabi_dcmple
 .text.__aeabi_f2d
                0x00005c88       0x3c c:/nxp/mcuxpressoide_11.0.1_2563/ide/plugins/com.nxp.mcuxpresso.tools.win32_11.0.1.201907311258/tools/bin/../lib/gcc/arm-none-eabi/8.2.1/thumb/v6-m/nofp\libcr_eabihelpers.a(float.o)
                0x00005c88                __aeabi_f2d
 .text.GPIO_WritePinOutput
                0x00005cc4       0x34 ./source/main.o
 .text.i2c_release_bus_delay
                0x00005cf8       0x26 ./source/main.o
 .text.I2C0_GetFreq
                0x00005d1e       0x12 ./source/main.o
                0x00005d1e                I2C0_GetFreq
 .text.OSC_SetExtRefClkConfig
                0x00005d30       0x3e ./drivers/fsl_clock.o
 .text.OSC_SetCapLoad
                0x00005d6e       0x42 ./drivers/fsl_clock.o
 .text.CLOCK_GetPll0RefFreq
                0x00005db0       0x10 ./drivers/fsl_clock.o
 .text.CLOCK_GetFixedFreqClkFreq
                0x00005dc0       0x30 ./drivers/fsl_clock.o
                0x00005dc0                CLOCK_GetFixedFreqClkFreq
 .text.CLOCK_SetExternalRefClkConfig
                0x00005df0       0x16 ./drivers/fsl_clock.o
                0x00005df0                CLOCK_SetExternalRefClkConfig
 .text.EnableIRQ
                0x00005e06       0x2c ./drivers/fsl_dma.o
 .text.GPIO_WritePinOutput
                0x00005e32       0x34 ./drivers/fsl_gpio.o
 .text.EnableIRQ
                0x00005e66       0x2c ./drivers/fsl_i2c.o
 .text.I2C_Enable
                0x00005e92       0x42 ./drivers/fsl_i2c.o
 .text.I2C_SlaveGetStatusFlags
                0x00005ed4       0x1a ./drivers/fsl_i2c.o
 .text.I2C_MasterClearStatusFlags
                0x00005eee       0x38 ./drivers/fsl_i2c.o
 .text.I2C_SlaveClearStatusFlags
                0x00005f26       0x1e ./drivers/fsl_i2c.o
 .text.I2C_EnableInterrupts
                0x00005f44       0x5c ./drivers/fsl_i2c.o
                0x00005f44                I2C_EnableInterrupts
 .text.I2C_DisableInterrupts
                0x00005fa0       0x42 ./drivers/fsl_i2c.o
                0x00005fa0                I2C_DisableInterrupts
 .text.I2C_MasterStop
                0x00005fe2       0x64 ./drivers/fsl_i2c.o
                0x00005fe2                I2C_MasterStop
 .text.I2C_MasterGetStatusFlags
                0x00006046       0x32 ./drivers/fsl_i2c.o
                0x00006046                I2C_MasterGetStatusFlags
 .text.LPSCI_GetDataRegisterAddress
                0x00006078       0x14 ./drivers/fsl_lpsci_dma.o
 .text.LPSCI_EnableTxDMA
                0x0000608c       0x64 ./drivers/fsl_lpsci_dma.o
 .text.LPSCI_EnableRxDMA
                0x000060f0       0x60 ./drivers/fsl_lpsci_dma.o
 .text.I2C_SlaveGetStatusFlags
                0x00006150       0x1a ./CMSIS_driver/fsl_i2c_cmsis.o
 .text.I2Cx_GetCapabilities
                0x0000616a       0x14 ./CMSIS_driver/fsl_i2c_cmsis.o
 .text.KSDK_I2C_SLAVE_InterruptCallback
                0x0000617e       0x42 ./CMSIS_driver/fsl_i2c_cmsis.o
 .text.I2C_InterruptInitialize
                0x000061c0       0x1a ./CMSIS_driver/fsl_i2c_cmsis.o
 .text.I2C_InterruptUninitialize
                0x000061da       0x18 ./CMSIS_driver/fsl_i2c_cmsis.o
 .text.I2C_InterruptGetDataCount
                0x000061f2       0x2a ./CMSIS_driver/fsl_i2c_cmsis.o
                0x000061f2                I2C_InterruptGetDataCount
 .text.I2C_InterruptGetStatus
                0x0000621c       0xe6 ./CMSIS_driver/fsl_i2c_cmsis.o
                0x0000621c                I2C_InterruptGetStatus
 .text.__main   0x00006302        0xc c:/nxp/mcuxpressoide_11.0.1_2563/ide/plugins/com.nxp.mcuxpresso.tools.win32_11.0.1.201907311258/tools/bin/../lib/gcc/arm-none-eabi/8.2.1/../../../../arm-none-eabi/lib/thumb/v6-m/nofp\libcr_semihost_nf.a(_cr__main.o)
                0x00006302                __CR_SEMIHOST
                0x00006302                __main
 .text.memset   0x0000630e        0x8 c:/nxp/mcuxpressoide_11.0.1_2563/ide/plugins/com.nxp.mcuxpresso.tools.win32_11.0.1.201907311258/tools/bin/../lib/gcc/arm-none-eabi/8.2.1/../../../../arm-none-eabi/lib/thumb/v6-m/nofp\libcr_c.a(memset.o)
                0x0000630e                memset
 .text.free     0x00006316       0x2c c:/nxp/mcuxpressoide_11.0.1_2563/ide/plugins/com.nxp.mcuxpresso.tools.win32_11.0.1.201907311258/tools/bin/../lib/gcc/arm-none-eabi/8.2.1/../../../../arm-none-eabi/lib/thumb/v6-m/nofp\libcr_c.a(alloc.o)
                0x00006316                free
 .text.fabs     0x00006342       0x22 c:/nxp/mcuxpressoide_11.0.1_2563/ide/plugins/com.nxp.mcuxpresso.tools.win32_11.0.1.201907311258/tools/bin/../lib/gcc/arm-none-eabi/8.2.1/../../../../arm-none-eabi/lib/thumb/v6-m/nofp\libcr_c.a(fabs.o)
                0x00006342                fabs
 .text.fputs    0x00006364       0x2e c:/nxp/mcuxpressoide_11.0.1_2563/ide/plugins/com.nxp.mcuxpresso.tools.win32_11.0.1.201907311258/tools/bin/../lib/gcc/arm-none-eabi/8.2.1/../../../../arm-none-eabi/lib/thumb/v6-m/nofp\libcr_c.a(fputs.o)
                0x00006364                fputs
 .text.no_fp_display
                0x00006392        0x4 c:/nxp/mcuxpressoide_11.0.1_2563/ide/plugins/com.nxp.mcuxpresso.tools.win32_11.0.1.201907311258/tools/bin/../lib/gcc/arm-none-eabi/8.2.1/../../../../arm-none-eabi/lib/thumb/v6-m/nofp\libcr_c.a(printf.o)
 .text.remove   0x00006396       0x12 c:/nxp/mcuxpressoide_11.0.1_2563/ide/plugins/com.nxp.mcuxpresso.tools.win32_11.0.1.201907311258/tools/bin/../lib/gcc/arm-none-eabi/8.2.1/../../../../arm-none-eabi/lib/thumb/v6-m/nofp\libcr_c.a(remove.o)
                0x00006396                remove
 .text.__aeabi_division_idivmod
                0x000063a8       0x78 c:/nxp/mcuxpressoide_11.0.1_2563/ide/plugins/com.nxp.mcuxpresso.tools.win32_11.0.1.201907311258/tools/bin/../lib/gcc/arm-none-eabi/8.2.1/thumb/v6-m/nofp\libcr_eabihelpers.a(division_32.o)
                0x000063a8                __aeabi_idivmod
                0x000063a8                __aeabi_idiv
                0x000063ae                __aeabi_uidivmod
                0x000063ae                __aeabi_uidiv
 .text.__aeabi_division_idiv0
                0x00006420        0x2 c:/nxp/mcuxpressoide_11.0.1_2563/ide/plugins/com.nxp.mcuxpresso.tools.win32_11.0.1.201907311258/tools/bin/../lib/gcc/arm-none-eabi/8.2.1/thumb/v6-m/nofp\libcr_eabihelpers.a(division_idiv0.o)
                0x00006420                __aeabi_idiv0
 .text.__bhs_ui2d
                0x00006422       0x5e c:/nxp/mcuxpressoide_11.0.1_2563/ide/plugins/com.nxp.mcuxpresso.tools.win32_11.0.1.201907311258/tools/bin/../lib/gcc/arm-none-eabi/8.2.1/thumb/v6-m/nofp\libcr_eabihelpers.a(double.o)
                0x00006422                __bhs_ui2d
 .text.__aeabi_i2d
                0x00006480       0x18 c:/nxp/mcuxpressoide_11.0.1_2563/ide/plugins/com.nxp.mcuxpresso.tools.win32_11.0.1.201907311258/tools/bin/../lib/gcc/arm-none-eabi/8.2.1/thumb/v6-m/nofp\libcr_eabihelpers.a(double.o)
                0x00006480                __aeabi_i2d
 .text.__bhs_ui2f
                0x00006498       0x62 c:/nxp/mcuxpressoide_11.0.1_2563/ide/plugins/com.nxp.mcuxpresso.tools.win32_11.0.1.201907311258/tools/bin/../lib/gcc/arm-none-eabi/8.2.1/thumb/v6-m/nofp\libcr_eabihelpers.a(float.o)
                0x00006498                __bhs_ui2f
 .text.__aeabi_i2f
                0x000064fa       0x18 c:/nxp/mcuxpressoide_11.0.1_2563/ide/plugins/com.nxp.mcuxpresso.tools.win32_11.0.1.201907311258/tools/bin/../lib/gcc/arm-none-eabi/8.2.1/thumb/v6-m/nofp\libcr_eabihelpers.a(float.o)
                0x000064fa                __aeabi_i2f
 .text.__aeabi_llong_lmul
                0x00006512       0x2e c:/nxp/mcuxpressoide_11.0.1_2563/ide/plugins/com.nxp.mcuxpresso.tools.win32_11.0.1.201907311258/tools/bin/../lib/gcc/arm-none-eabi/8.2.1/thumb/v6-m/nofp\libcr_eabihelpers.a(llong.o)
                0x00006512                __aeabi_lmul
 .text.__aeabi_memset_lowlevel
                0x00006540       0x2a c:/nxp/mcuxpressoide_11.0.1_2563/ide/plugins/com.nxp.mcuxpresso.tools.win32_11.0.1.201907311258/tools/bin/../lib/gcc/arm-none-eabi/8.2.1/thumb/v6-m/nofp\libcr_eabihelpers.a(memcpy.o)
                0x00006540                __aeabi_lowlevel_memset
 .text.__sys_close
                0x0000656a        0xc c:/nxp/mcuxpressoide_11.0.1_2563/ide/plugins/com.nxp.mcuxpresso.tools.win32_11.0.1.201907311258/tools/bin/../lib/gcc/arm-none-eabi/8.2.1/../../../../arm-none-eabi/lib/thumb/v6-m/nofp\libcr_semihost_nf.a(__sys_close.o)
                0x0000656a                __sys_close
 .text.__sys_flen
                0x00006576        0xc c:/nxp/mcuxpressoide_11.0.1_2563/ide/plugins/com.nxp.mcuxpresso.tools.win32_11.0.1.201907311258/tools/bin/../lib/gcc/arm-none-eabi/8.2.1/../../../../arm-none-eabi/lib/thumb/v6-m/nofp\libcr_semihost_nf.a(__sys_flen.o)
                0x00006576                __sys_flen
 .text.__sys_istty
                0x00006582        0xc c:/nxp/mcuxpressoide_11.0.1_2563/ide/plugins/com.nxp.mcuxpresso.tools.win32_11.0.1.201907311258/tools/bin/../lib/gcc/arm-none-eabi/8.2.1/../../../../arm-none-eabi/lib/thumb/v6-m/nofp\libcr_semihost_nf.a(__sys_istty.o)
                0x00006582                __sys_istty
 .text.__sys_remove
                0x0000658e        0xc c:/nxp/mcuxpressoide_11.0.1_2563/ide/plugins/com.nxp.mcuxpresso.tools.win32_11.0.1.201907311258/tools/bin/../lib/gcc/arm-none-eabi/8.2.1/../../../../arm-none-eabi/lib/thumb/v6-m/nofp\libcr_semihost_nf.a(__sys_remove.o)
                0x0000658e                __sys_remove
 .text.__sys_seek
                0x0000659a        0xc c:/nxp/mcuxpressoide_11.0.1_2563/ide/plugins/com.nxp.mcuxpresso.tools.win32_11.0.1.201907311258/tools/bin/../lib/gcc/arm-none-eabi/8.2.1/../../../../arm-none-eabi/lib/thumb/v6-m/nofp\libcr_semihost_nf.a(__sys_seek.o)
                0x0000659a                __sys_seek
 .text.__sys_tmpnam
                0x000065a6        0xc c:/nxp/mcuxpressoide_11.0.1_2563/ide/plugins/com.nxp.mcuxpresso.tools.win32_11.0.1.201907311258/tools/bin/../lib/gcc/arm-none-eabi/8.2.1/../../../../arm-none-eabi/lib/thumb/v6-m/nofp\libcr_semihost_nf.a(__sys_tmpnam.o)
                0x000065a6                __sys_tmpnam
 .text.__sys_write
                0x000065b2        0xc c:/nxp/mcuxpressoide_11.0.1_2563/ide/plugins/com.nxp.mcuxpresso.tools.win32_11.0.1.201907311258/tools/bin/../lib/gcc/arm-none-eabi/8.2.1/../../../../arm-none-eabi/lib/thumb/v6-m/nofp\libcr_semihost_nf.a(__sys_write.o)
                0x000065b2                __sys_write
 *(SORT_BY_ALIGNMENT(.rodata) SORT_BY_ALIGNMENT(.rodata.*) SORT_BY_ALIGNMENT(.constdata) SORT_BY_ALIGNMENT(.constdata.*))
 *fill*         0x000065be        0x2 ff
 .rodata.a.3969
                0x000065c0       0x20 c:/nxp/mcuxpressoide_11.0.1_2563/ide/plugins/com.nxp.mcuxpresso.tools.win32_11.0.1.201907311258/tools/bin/../lib/gcc/arm-none-eabi/8.2.1/../../../../arm-none-eabi/lib/thumb/v6-m/nofp\libcr_c.a(atan.o)
 .rodata        0x000065e0      0x1fc ./source/main.o
 .rodata.g_accel_address
                0x000067dc        0x4 ./source/main.o
                0x000067dc                g_accel_address
 .rodata        0x000067e0      0x11d ./drivers/fsl_clock.o
 *fill*         0x000068fd        0x3 ff
 .rodata.CLOCK_GetFreq
                0x00006900       0x38 ./drivers/fsl_clock.o
 .rodata.fllFactorTable.5230
                0x00006938       0x10 ./drivers/fsl_clock.o
 .rodata        0x00006948      0x4ae ./drivers/fsl_dma.o
 *fill*         0x00006df6        0x2 ff
 .rodata.s_dmaIRQNumber
                0x00006df8        0x4 ./drivers/fsl_dma.o
 .rodata        0x00006dfc       0x42 ./drivers/fsl_dmamux.o
 *fill*         0x00006e3e        0x2 ff
 .rodata        0x00006e40       0x62 ./drivers/fsl_gpio.o
 *fill*         0x00006ea2        0x2 ff
 .rodata.s_i2cDividerTable
                0x00006ea4       0x80 ./drivers/fsl_i2c.o
 .rodata.s_i2cBases
                0x00006f24        0x8 ./drivers/fsl_i2c.o
 .rodata.s_i2cIrqs
                0x00006f2c        0x2 ./drivers/fsl_i2c.o
 *fill*         0x00006f2e        0x2 ff
 .rodata.s_i2cClocks
                0x00006f30        0x8 ./drivers/fsl_i2c.o
 .rodata        0x00006f38      0x2f6 ./drivers/fsl_i2c.o
 *fill*         0x0000722e        0x2 ff
 .rodata        0x00007230      0x48c ./drivers/fsl_lpsci.o
 .rodata        0x000076bc      0x563 ./drivers/fsl_lpsci_dma.o
 *fill*         0x00007c1f        0x1 ff
 .rodata.mcgConfig_BOARD_BootClockRUN
                0x00007c20        0xa ./board/clock_config.o
                0x00007c20                mcgConfig_BOARD_BootClockRUN
 *fill*         0x00007c2a        0x2 ff
 .rodata.simConfig_BOARD_BootClockRUN
                0x00007c2c        0x8 ./board/clock_config.o
                0x00007c2c                simConfig_BOARD_BootClockRUN
 .rodata.oscConfig_BOARD_BootClockRUN
                0x00007c34        0x8 ./board/clock_config.o
                0x00007c34                oscConfig_BOARD_BootClockRUN
 .rodata.s_i2cDriverVersion
                0x00007c3c        0x4 ./CMSIS_driver/fsl_i2c_cmsis.o
 .rodata.s_i2cClocks
                0x00007c40        0x8 ./CMSIS_driver/fsl_i2c_cmsis.o
 .rodata.I2C0_Resource
                0x00007c48        0x8 ./CMSIS_driver/fsl_i2c_cmsis.o
                0x00007c48                I2C0_Resource
 .rodata.Driver_I2C0
                0x00007c50       0x30 ./CMSIS_driver/fsl_i2c_cmsis.o
                0x00007c50                Driver_I2C0
 .rodata.__num_Ciob_streams
                0x00007c80        0x4 c:/nxp/mcuxpressoide_11.0.1_2563/ide/plugins/com.nxp.mcuxpresso.tools.win32_11.0.1.201907311258/tools/bin/../lib/gcc/arm-none-eabi/8.2.1/../../../../arm-none-eabi/lib/thumb/v6-m/nofp\libcr_semihost_nf.a(__ciob.o)
                0x00007c80                __num_Ciob_streams
 .rodata.__assertion_failed.str1.1
                0x00007c84       0x15 c:/nxp/mcuxpressoide_11.0.1_2563/ide/plugins/com.nxp.mcuxpresso.tools.win32_11.0.1.201907311258/tools/bin/../lib/gcc/arm-none-eabi/8.2.1/../../../../arm-none-eabi/lib/thumb/v6-m/nofp\libcr_semihost_nf.a(_cr_assert.o)
 .rodata._Csys_alloc.str1.1
                0x00007c99       0x18 c:/nxp/mcuxpressoide_11.0.1_2563/ide/plugins/com.nxp.mcuxpresso.tools.win32_11.0.1.201907311258/tools/bin/../lib/gcc/arm-none-eabi/8.2.1/../../../../arm-none-eabi/lib/thumb/v6-m/nofp\libcr_c.a(alloc.o)
 .rodata._initio.str1.1
                0x00007cb1        0x4 c:/nxp/mcuxpressoide_11.0.1_2563/ide/plugins/com.nxp.mcuxpresso.tools.win32_11.0.1.201907311258/tools/bin/../lib/gcc/arm-none-eabi/8.2.1/../../../../arm-none-eabi/lib/thumb/v6-m/nofp\libcr_c.a(initio.o)
 .rodata.__vfprintf.str1.1
                0x00007cb5       0x35 c:/nxp/mcuxpressoide_11.0.1_2563/ide/plugins/com.nxp.mcuxpresso.tools.win32_11.0.1.201907311258/tools/bin/../lib/gcc/arm-none-eabi/8.2.1/../../../../arm-none-eabi/lib/thumb/v6-m/nofp\libcr_c.a(printf.o)
                                 0x38 (size before relaxing)
                0x00007cec                . = ALIGN (0x4)
 *fill*         0x00007cea        0x2 ff

.glue_7         0x00007cec        0x0
 .glue_7        0x00007cec        0x0 linker stubs

.glue_7t        0x00007cec        0x0
 .glue_7t       0x00007cec        0x0 linker stubs

.vfp11_veneer   0x00007cec        0x0
 .vfp11_veneer  0x00007cec        0x0 linker stubs

.v4_bx          0x00007cec        0x0
 .v4_bx         0x00007cec        0x0 linker stubs

.iplt           0x00007cec        0x0
 .iplt          0x00007cec        0x0 ./startup/startup_mkl25z4.o

.rel.dyn        0x00007cec        0x0
 .rel.iplt      0x00007cec        0x0 ./startup/startup_mkl25z4.o

.ARM.extab
 *(SORT_BY_ALIGNMENT(.ARM.extab*) SORT_BY_ALIGNMENT(.gnu.linkonce.armextab.*))
                0x00007cec                __exidx_start = .

.ARM.exidx
 *(SORT_BY_ALIGNMENT(.ARM.exidx*) SORT_BY_ALIGNMENT(.gnu.linkonce.armexidx.*))
                0x00007cec                __exidx_end = .
                0x00007cec                _etext = .

.m_usb_data
 *(SORT_BY_ALIGNMENT(m_usb_bdt))

.mtb_buffer_default
                0x1ffff000       0x80
 *(SORT_BY_ALIGNMENT(.mtb*))
 .mtb.$RAM1     0x1ffff000       0x80 ./source/mtb.o
                0x1ffff000                __mtb_buffer__

.uninit_RESERVED
                0x1ffff080        0x0
                0x1ffff080                . = ALIGN (0x4)
 *(SORT_BY_ALIGNMENT(.bss.$RESERVED*))
                0x1ffff080                . = ALIGN (0x4)
                0x1ffff080                _end_uninit_RESERVED = .

.data           0x1ffff080       0x20 load address 0x00007cec
 FILL mask 0xff
                0x1ffff080                _data = .
 *(SORT_BY_ALIGNMENT(vtable))
 *(SORT_BY_ALIGNMENT(.ramfunc*))
 *(SORT_BY_ALIGNMENT(CodeQuickAccess))
 *(SORT_BY_ALIGNMENT(DataQuickAccess))
 *(SORT_BY_ALIGNMENT(RamFunction))
 *(SORT_BY_ALIGNMENT(.data*))
 .data.s_slowIrcFreq
                0x1ffff080        0x4 ./drivers/fsl_clock.o
 .data.s_fastIrcFreq
                0x1ffff084        0x4 ./drivers/fsl_clock.o
 .data.I2C0_InterruptDriverState
                0x1ffff088       0x10 ./CMSIS_driver/fsl_i2c_cmsis.o
                0x1ffff088                I2C0_InterruptDriverState
 .data.SystemCoreClock
                0x1ffff098        0x4 ./CMSIS/system_MKL25Z4.o
                0x1ffff098                SystemCoreClock
 .data.rxBufferEmpty
                0x1ffff09c        0x1 ./source/main.o
                0x1ffff09c                rxBufferEmpty
                0x1ffff0a0                . = ALIGN (0x4)
 *fill*         0x1ffff09d        0x3 ff
                0x1ffff0a0                _edata = .

.igot.plt       0x1ffff0a0        0x0 load address 0x00007d0c
 .igot.plt      0x1ffff0a0        0x0 ./startup/startup_mkl25z4.o

.bss            0x1ffff0a0      0x180 load address 0x00007d0c
                0x1ffff0a0                . = ALIGN (0x4)
                0x1ffff0a0                _bss = .
 *(SORT_BY_ALIGNMENT(.bss*))
 .bss.g_lpsciDmaHandle
                0x1ffff0a0       0x20 ./source/main.o
                0x1ffff0a0                g_lpsciDmaHandle
 .bss.g_lpsciTxDmaHandle
                0x1ffff0c0       0x10 ./source/main.o
                0x1ffff0c0                g_lpsciTxDmaHandle
 .bss.g_lpsciRxDmaHandle
                0x1ffff0d0       0x10 ./source/main.o
                0x1ffff0d0                g_lpsciRxDmaHandle
 .bss.xfer      0x1ffff0e0        0x8 ./source/main.o
                0x1ffff0e0                xfer
 .bss.g_xtal0Freq
                0x1ffff0e8        0x4 ./drivers/fsl_clock.o
                0x1ffff0e8                g_xtal0Freq
 .bss.g_xtal32Freq
                0x1ffff0ec        0x4 ./drivers/fsl_clock.o
                0x1ffff0ec                g_xtal32Freq
 .bss.s_DMAHandle
                0x1ffff0f0       0x10 ./drivers/fsl_dma.o
 .bss.s_i2cHandle
                0x1ffff100        0x8 ./drivers/fsl_i2c.o
 .bss.s_i2cMasterIsr
                0x1ffff108        0x4 ./drivers/fsl_i2c.o
 .bss.s_i2cSlaveIsr
                0x1ffff10c        0x4 ./drivers/fsl_i2c.o
 .bss.s_lpsciHandle
                0x1ffff110        0x4 ./drivers/fsl_lpsci.o
 .bss.s_lpsciIsr
                0x1ffff114        0x4 ./drivers/fsl_lpsci.o
 .bss.s_dmaPrivateHandle
                0x1ffff118        0x8 ./drivers/fsl_lpsci_dma.o
 .bss.s_uartHandle
                0x1ffff120        0xc ./drivers/fsl_uart.o
 .bss.s_uartIsr
                0x1ffff12c        0x4 ./drivers/fsl_uart.o
 .bss.I2C0_handle
                0x1ffff130       0x28 ./CMSIS_driver/fsl_i2c_cmsis.o
                0x1ffff130                I2C0_handle
 .bss.__Ciob    0x1ffff158       0xb4 c:/nxp/mcuxpressoide_11.0.1_2563/ide/plugins/com.nxp.mcuxpresso.tools.win32_11.0.1.201907311258/tools/bin/../lib/gcc/arm-none-eabi/8.2.1/../../../../arm-none-eabi/lib/thumb/v6-m/nofp\libcr_semihost_nf.a(__ciob.o)
                0x1ffff158                __Ciob
 .bss.__end_of_heap
                0x1ffff20c        0x4 c:/nxp/mcuxpressoide_11.0.1_2563/ide/plugins/com.nxp.mcuxpresso.tools.win32_11.0.1.201907311258/tools/bin/../lib/gcc/arm-none-eabi/8.2.1/../../../../arm-none-eabi/lib/thumb/v6-m/nofp\libcr_c.a(__init_alloc.o)
                0x1ffff20c                __end_of_heap
 .bss.__heaps   0x1ffff210        0x4 c:/nxp/mcuxpressoide_11.0.1_2563/ide/plugins/com.nxp.mcuxpresso.tools.win32_11.0.1.201907311258/tools/bin/../lib/gcc/arm-none-eabi/8.2.1/../../../../arm-none-eabi/lib/thumb/v6-m/nofp\libcr_c.a(__init_alloc.o)
                0x1ffff210                __heaps
 .bss.errno     0x1ffff214        0x4 c:/nxp/mcuxpressoide_11.0.1_2563/ide/plugins/com.nxp.mcuxpresso.tools.win32_11.0.1.201907311258/tools/bin/../lib/gcc/arm-none-eabi/8.2.1/../../../../arm-none-eabi/lib/thumb/v6-m/nofp\libcr_c.a(errno.o)
                0x1ffff214                errno
 .bss.g_accel_addr_found
                0x1ffff218        0x1 ./source/main.o
                0x1ffff218                g_accel_addr_found
 .bss.completionFlag
                0x1ffff219        0x1 ./source/main.o
                0x1ffff219                completionFlag
 .bss.nakFlag   0x1ffff21a        0x1 ./source/main.o
                0x1ffff21a                nakFlag
 .bss.txBufferFull
                0x1ffff21b        0x1 ./source/main.o
                0x1ffff21b                txBufferFull
 .bss.txOnGoing
                0x1ffff21c        0x1 ./source/main.o
                0x1ffff21c                txOnGoing
 .bss.rxOnGoing
                0x1ffff21d        0x1 ./source/main.o
                0x1ffff21d                rxOnGoing
 *(SORT_BY_ALIGNMENT(COMMON))
                0x1ffff220                . = ALIGN (0x4)
 *fill*         0x1ffff21e        0x2 
                0x1ffff220                _ebss = .
                [!provide]                PROVIDE (end = .)

.noinit         0x1ffff220        0x0 load address 0x00007d0c
                0x1ffff220                . = ALIGN (0x4)
                0x1ffff220                _noinit = .
 *(SORT_BY_ALIGNMENT(.noinit*))
                0x1ffff220                . = ALIGN (0x4)
                0x1ffff220                _end_noinit = .
                0x00000400                _HeapSize = 0x400

.heap           0x1ffff220      0x400 load address 0x00007d0c
                0x1ffff220                _pvHeapStart = .
                0x1ffff620                . = (. + _HeapSize)
 *fill*         0x1ffff220      0x400 
                0x1ffff620                . = ALIGN (0x4)
                0x1ffff620                _pvHeapLimit = .
                0x00000400                _StackSize = 0x400

.heap2stackfill
                0x1ffff620      0x400 load address 0x00007d0c
                0x1ffffa20                . = (. + _StackSize)
 *fill*         0x1ffff620      0x400 

.stack          0x20002c00        0x0
                0x20002c00                _vStackBase = .
                0x20002c00                . = ALIGN (0x4)
                0x20003000                _vStackTop = (. + _StackSize)
                0x00000000                _image_start = LOADADDR (.text)
                0x00007d0c                _image_end = (LOADADDR (.data) + SIZEOF (.data))
                0x00007d0c                _image_size = (_image_end - _image_start)
OUTPUT(frdmkl25z_cmsis_driver_examples_i2c_read_accel_value_transfer.axf elf32-littlearm)

.debug_info     0x00000000     0xccfd
 .debug_info    0x00000000      0x4db ./startup/startup_mkl25z4.o
 .debug_info    0x000004db     0x1c3b ./source/main.o
 .debug_info    0x00002116       0x4f ./source/mtb.o
 .debug_info    0x00002165       0x38 ./source/semihost_hardfault.o
 .debug_info    0x0000219d     0x1a93 ./drivers/fsl_clock.o
 .debug_info    0x00003c30      0xf4a ./drivers/fsl_dma.o
 .debug_info    0x00004b7a      0x4e3 ./drivers/fsl_dmamux.o
 .debug_info    0x0000505d      0x562 ./drivers/fsl_gpio.o
 .debug_info    0x000055bf     0x1a96 ./drivers/fsl_i2c.o
 .debug_info    0x00007055     0x1465 ./drivers/fsl_lpsci.o
 .debug_info    0x000084ba      0xc6c ./drivers/fsl_lpsci_dma.o
 .debug_info    0x00009126     0x1406 ./drivers/fsl_uart.o
 .debug_info    0x0000a52c      0xaea ./board/clock_config.o
 .debug_info    0x0000b016      0x5b1 ./board/pin_mux.o
 .debug_info    0x0000b5c7     0x1301 ./CMSIS_driver/fsl_i2c_cmsis.o
 .debug_info    0x0000c8c8      0x435 ./CMSIS/system_MKL25Z4.o

.debug_abbrev   0x00000000     0x2437
 .debug_abbrev  0x00000000      0x18a ./startup/startup_mkl25z4.o
 .debug_abbrev  0x0000018a      0x409 ./source/main.o
 .debug_abbrev  0x00000593       0x43 ./source/mtb.o
 .debug_abbrev  0x000005d6       0x2e ./source/semihost_hardfault.o
 .debug_abbrev  0x00000604      0x36c ./drivers/fsl_clock.o
 .debug_abbrev  0x00000970      0x2e9 ./drivers/fsl_dma.o
 .debug_abbrev  0x00000c59      0x1ad ./drivers/fsl_dmamux.o
 .debug_abbrev  0x00000e06      0x1b5 ./drivers/fsl_gpio.o
 .debug_abbrev  0x00000fbb      0x36b ./drivers/fsl_i2c.o
 .debug_abbrev  0x00001326      0x306 ./drivers/fsl_lpsci.o
 .debug_abbrev  0x0000162c      0x2a8 ./drivers/fsl_lpsci_dma.o
 .debug_abbrev  0x000018d4      0x320 ./drivers/fsl_uart.o
 .debug_abbrev  0x00001bf4      0x21d ./board/clock_config.o
 .debug_abbrev  0x00001e11      0x1b8 ./board/pin_mux.o
 .debug_abbrev  0x00001fc9      0x31b ./CMSIS_driver/fsl_i2c_cmsis.o
 .debug_abbrev  0x000022e4      0x153 ./CMSIS/system_MKL25Z4.o

.debug_aranges  0x00000000      0xb50
 .debug_aranges
                0x00000000      0x160 ./startup/startup_mkl25z4.o
 .debug_aranges
                0x00000160       0x98 ./source/main.o
 .debug_aranges
                0x000001f8       0x18 ./source/mtb.o
 .debug_aranges
                0x00000210       0x20 ./source/semihost_hardfault.o
 .debug_aranges
                0x00000230      0x1d8 ./drivers/fsl_clock.o
 .debug_aranges
                0x00000408       0xd0 ./drivers/fsl_dma.o
 .debug_aranges
                0x000004d8       0x40 ./drivers/fsl_dmamux.o
 .debug_aranges
                0x00000518       0x40 ./drivers/fsl_gpio.o
 .debug_aranges
                0x00000558      0x178 ./drivers/fsl_i2c.o
 .debug_aranges
                0x000006d0      0x118 ./drivers/fsl_lpsci.o
 .debug_aranges
                0x000007e8       0x98 ./drivers/fsl_lpsci_dma.o
 .debug_aranges
                0x00000880      0x130 ./drivers/fsl_uart.o
 .debug_aranges
                0x000009b0       0x50 ./board/clock_config.o
 .debug_aranges
                0x00000a00       0x40 ./board/pin_mux.o
 .debug_aranges
                0x00000a40       0xe8 ./CMSIS_driver/fsl_i2c_cmsis.o
 .debug_aranges
                0x00000b28       0x28 ./CMSIS/system_MKL25Z4.o

.debug_ranges   0x00000000      0xa48
 .debug_ranges  0x00000000      0x150 ./startup/startup_mkl25z4.o
 .debug_ranges  0x00000150       0x88 ./source/main.o
 .debug_ranges  0x000001d8       0x10 ./source/semihost_hardfault.o
 .debug_ranges  0x000001e8      0x1c8 ./drivers/fsl_clock.o
 .debug_ranges  0x000003b0       0xc0 ./drivers/fsl_dma.o
 .debug_ranges  0x00000470       0x30 ./drivers/fsl_dmamux.o
 .debug_ranges  0x000004a0       0x30 ./drivers/fsl_gpio.o
 .debug_ranges  0x000004d0      0x168 ./drivers/fsl_i2c.o
 .debug_ranges  0x00000638      0x108 ./drivers/fsl_lpsci.o
 .debug_ranges  0x00000740       0x88 ./drivers/fsl_lpsci_dma.o
 .debug_ranges  0x000007c8      0x120 ./drivers/fsl_uart.o
 .debug_ranges  0x000008e8       0x40 ./board/clock_config.o
 .debug_ranges  0x00000928       0x30 ./board/pin_mux.o
 .debug_ranges  0x00000958       0xd8 ./CMSIS_driver/fsl_i2c_cmsis.o
 .debug_ranges  0x00000a30       0x18 ./CMSIS/system_MKL25Z4.o

.debug_line     0x00000000     0x6712
 .debug_line    0x00000000      0x1e7 ./startup/startup_mkl25z4.o
 .debug_line    0x000001e7      0x7c6 ./source/main.o
 .debug_line    0x000009ad       0x30 ./source/mtb.o
 .debug_line    0x000009dd       0x5a ./source/semihost_hardfault.o
 .debug_line    0x00000a37     0x1204 ./drivers/fsl_clock.o
 .debug_line    0x00001c3b      0x659 ./drivers/fsl_dma.o
 .debug_line    0x00002294      0x259 ./drivers/fsl_dmamux.o
 .debug_line    0x000024ed      0x28f ./drivers/fsl_gpio.o
 .debug_line    0x0000277c     0x11db ./drivers/fsl_i2c.o
 .debug_line    0x00003957      0xc88 ./drivers/fsl_lpsci.o
 .debug_line    0x000045df      0x5a6 ./drivers/fsl_lpsci_dma.o
 .debug_line    0x00004b85      0xc77 ./drivers/fsl_uart.o
 .debug_line    0x000057fc      0x29d ./board/clock_config.o
 .debug_line    0x00005a99      0x23e ./board/pin_mux.o
 .debug_line    0x00005cd7      0x793 ./CMSIS_driver/fsl_i2c_cmsis.o
 .debug_line    0x0000646a      0x2a8 ./CMSIS/system_MKL25Z4.o

.debug_str      0x00000000     0x5bf6
 .debug_str     0x00000000      0x501 ./startup/startup_mkl25z4.o
                                0x514 (size before relaxing)
 .debug_str     0x00000501     0x1ce7 ./source/main.o
                               0x1fe7 (size before relaxing)
 .debug_str     0x000021e8       0x1f ./source/mtb.o
                                0x19e (size before relaxing)
 .debug_str     0x00002207       0x1f ./source/semihost_hardfault.o
                                0x19e (size before relaxing)
 .debug_str     0x00002226      0xb03 ./drivers/fsl_clock.o
                               0x183f (size before relaxing)
 .debug_str     0x00002d29      0x90e ./drivers/fsl_dma.o
                               0x12d1 (size before relaxing)
 .debug_str     0x00003637       0x65 ./drivers/fsl_dmamux.o
                                0x8f8 (size before relaxing)
 .debug_str     0x0000369c       0x8d ./drivers/fsl_gpio.o
                                0x866 (size before relaxing)
 .debug_str     0x00003729      0xb9d ./drivers/fsl_i2c.o
                               0x17c8 (size before relaxing)
 .debug_str     0x000042c6      0x78c ./drivers/fsl_lpsci.o
                               0x1607 (size before relaxing)
 .debug_str     0x00004a52      0x224 ./drivers/fsl_lpsci_dma.o
                                0xeff (size before relaxing)
 .debug_str     0x00004c76      0x8e6 ./drivers/fsl_uart.o
                               0x1613 (size before relaxing)
 .debug_str     0x0000555c      0x222 ./board/clock_config.o
                                0xe11 (size before relaxing)
 .debug_str     0x0000577e       0x5a ./board/pin_mux.o
                                0x63a (size before relaxing)
 .debug_str     0x000057d8      0x3cf ./CMSIS_driver/fsl_i2c_cmsis.o
                               0x13f2 (size before relaxing)
 .debug_str     0x00005ba7       0x4f ./CMSIS/system_MKL25Z4.o
                                0x380 (size before relaxing)

.comment        0x00000000       0x75
 .comment       0x00000000       0x75 ./startup/startup_mkl25z4.o
                                 0x76 (size before relaxing)
 .comment       0x00000075       0x76 ./source/main.o
 .comment       0x00000075       0x76 ./source/mtb.o
 .comment       0x00000075       0x76 ./source/semihost_hardfault.o
 .comment       0x00000075       0x76 ./drivers/fsl_clock.o
 .comment       0x00000075       0x76 ./drivers/fsl_dma.o
 .comment       0x00000075       0x76 ./drivers/fsl_dmamux.o
 .comment       0x00000075       0x76 ./drivers/fsl_gpio.o
 .comment       0x00000075       0x76 ./drivers/fsl_i2c.o
 .comment       0x00000075       0x76 ./drivers/fsl_lpsci.o
 .comment       0x00000075       0x76 ./drivers/fsl_lpsci_dma.o
 .comment       0x00000075       0x76 ./drivers/fsl_uart.o
 .comment       0x00000075       0x76 ./board/clock_config.o
 .comment       0x00000075       0x76 ./board/pin_mux.o
 .comment       0x00000075       0x76 ./CMSIS_driver/fsl_i2c_cmsis.o
 .comment       0x00000075       0x76 ./CMSIS/system_MKL25Z4.o
 .comment       0x00000075       0x76 c:/nxp/mcuxpressoide_11.0.1_2563/ide/plugins/com.nxp.mcuxpresso.tools.win32_11.0.1.201907311258/tools/bin/../lib/gcc/arm-none-eabi/8.2.1/../../../../arm-none-eabi/lib/thumb/v6-m/nofp\libcr_semihost_nf.a(_cr__main.o)
 .comment       0x00000075       0x76 c:/nxp/mcuxpressoide_11.0.1_2563/ide/plugins/com.nxp.mcuxpresso.tools.win32_11.0.1.201907311258/tools/bin/../lib/gcc/arm-none-eabi/8.2.1/../../../../arm-none-eabi/lib/thumb/v6-m/nofp\libcr_semihost_nf.a(_cr_assert.o)
 .comment       0x00000075       0x76 c:/nxp/mcuxpressoide_11.0.1_2563/ide/plugins/com.nxp.mcuxpresso.tools.win32_11.0.1.201907311258/tools/bin/../lib/gcc/arm-none-eabi/8.2.1/../../../../arm-none-eabi/lib/thumb/v6-m/nofp\libcr_semihost_nf.a(__ciob.o)
 .comment       0x00000075       0x76 c:/nxp/mcuxpressoide_11.0.1_2563/ide/plugins/com.nxp.mcuxpresso.tools.win32_11.0.1.201907311258/tools/bin/../lib/gcc/arm-none-eabi/8.2.1/../../../../arm-none-eabi/lib/thumb/v6-m/nofp\libcr_c.a(memset.o)
 .comment       0x00000075       0x76 c:/nxp/mcuxpressoide_11.0.1_2563/ide/plugins/com.nxp.mcuxpresso.tools.win32_11.0.1.201907311258/tools/bin/../lib/gcc/arm-none-eabi/8.2.1/../../../../arm-none-eabi/lib/thumb/v6-m/nofp\libcr_c.a(_deferredlazyseek.o)
 .comment       0x00000075       0x76 c:/nxp/mcuxpressoide_11.0.1_2563/ide/plugins/com.nxp.mcuxpresso.tools.win32_11.0.1.201907311258/tools/bin/../lib/gcc/arm-none-eabi/8.2.1/../../../../arm-none-eabi/lib/thumb/v6-m/nofp\libcr_c.a(_fflush.o)
 .comment       0x00000075       0x76 c:/nxp/mcuxpressoide_11.0.1_2563/ide/plugins/com.nxp.mcuxpresso.tools.win32_11.0.1.201907311258/tools/bin/../lib/gcc/arm-none-eabi/8.2.1/../../../../arm-none-eabi/lib/thumb/v6-m/nofp\libcr_c.a(_writebuf.o)
 .comment       0x00000075       0x76 c:/nxp/mcuxpressoide_11.0.1_2563/ide/plugins/com.nxp.mcuxpresso.tools.win32_11.0.1.201907311258/tools/bin/../lib/gcc/arm-none-eabi/8.2.1/../../../../arm-none-eabi/lib/thumb/v6-m/nofp\libcr_c.a(alloc.o)
 .comment       0x00000075       0x76 c:/nxp/mcuxpressoide_11.0.1_2563/ide/plugins/com.nxp.mcuxpresso.tools.win32_11.0.1.201907311258/tools/bin/../lib/gcc/arm-none-eabi/8.2.1/../../../../arm-none-eabi/lib/thumb/v6-m/nofp\libcr_c.a(atan.o)
 .comment       0x00000075       0x76 c:/nxp/mcuxpressoide_11.0.1_2563/ide/plugins/com.nxp.mcuxpresso.tools.win32_11.0.1.201907311258/tools/bin/../lib/gcc/arm-none-eabi/8.2.1/../../../../arm-none-eabi/lib/thumb/v6-m/nofp\libcr_c.a(fabs.o)
 .comment       0x00000075       0x76 c:/nxp/mcuxpressoide_11.0.1_2563/ide/plugins/com.nxp.mcuxpresso.tools.win32_11.0.1.201907311258/tools/bin/../lib/gcc/arm-none-eabi/8.2.1/../../../../arm-none-eabi/lib/thumb/v6-m/nofp\libcr_c.a(fputs.o)
 .comment       0x00000075       0x76 c:/nxp/mcuxpressoide_11.0.1_2563/ide/plugins/com.nxp.mcuxpresso.tools.win32_11.0.1.201907311258/tools/bin/../lib/gcc/arm-none-eabi/8.2.1/../../../../arm-none-eabi/lib/thumb/v6-m/nofp\libcr_c.a(fseek.o)
 .comment       0x00000075       0x76 c:/nxp/mcuxpressoide_11.0.1_2563/ide/plugins/com.nxp.mcuxpresso.tools.win32_11.0.1.201907311258/tools/bin/../lib/gcc/arm-none-eabi/8.2.1/../../../../arm-none-eabi/lib/thumb/v6-m/nofp\libcr_c.a(ftell.o)
 .comment       0x00000075       0x76 c:/nxp/mcuxpressoide_11.0.1_2563/ide/plugins/com.nxp.mcuxpresso.tools.win32_11.0.1.201907311258/tools/bin/../lib/gcc/arm-none-eabi/8.2.1/../../../../arm-none-eabi/lib/thumb/v6-m/nofp\libcr_c.a(initio.o)
 .comment       0x00000075       0x76 c:/nxp/mcuxpressoide_11.0.1_2563/ide/plugins/com.nxp.mcuxpresso.tools.win32_11.0.1.201907311258/tools/bin/../lib/gcc/arm-none-eabi/8.2.1/../../../../arm-none-eabi/lib/thumb/v6-m/nofp\libcr_c.a(printf.o)
 .comment       0x00000075       0x76 c:/nxp/mcuxpressoide_11.0.1_2563/ide/plugins/com.nxp.mcuxpresso.tools.win32_11.0.1.201907311258/tools/bin/../lib/gcc/arm-none-eabi/8.2.1/../../../../arm-none-eabi/lib/thumb/v6-m/nofp\libcr_c.a(setvbuf.o)
 .comment       0x00000075       0x76 c:/nxp/mcuxpressoide_11.0.1_2563/ide/plugins/com.nxp.mcuxpresso.tools.win32_11.0.1.201907311258/tools/bin/../lib/gcc/arm-none-eabi/8.2.1/../../../../arm-none-eabi/lib/thumb/v6-m/nofp\libcr_c.a(sqrt.o)
 .comment       0x00000075       0x76 c:/nxp/mcuxpressoide_11.0.1_2563/ide/plugins/com.nxp.mcuxpresso.tools.win32_11.0.1.201907311258/tools/bin/../lib/gcc/arm-none-eabi/8.2.1/../../../../arm-none-eabi/lib/thumb/v6-m/nofp\libcr_c.a(strlen.o)
 .comment       0x00000075       0x76 c:/nxp/mcuxpressoide_11.0.1_2563/ide/plugins/com.nxp.mcuxpresso.tools.win32_11.0.1.201907311258/tools/bin/../lib/gcc/arm-none-eabi/8.2.1/../../../../arm-none-eabi/lib/thumb/v6-m/nofp\libcr_c.a(__init_alloc.o)
 .comment       0x00000075       0x76 c:/nxp/mcuxpressoide_11.0.1_2563/ide/plugins/com.nxp.mcuxpresso.tools.win32_11.0.1.201907311258/tools/bin/../lib/gcc/arm-none-eabi/8.2.1/../../../../arm-none-eabi/lib/thumb/v6-m/nofp\libcr_c.a(_cr_sbrk.o)
 .comment       0x00000075       0x76 c:/nxp/mcuxpressoide_11.0.1_2563/ide/plugins/com.nxp.mcuxpresso.tools.win32_11.0.1.201907311258/tools/bin/../lib/gcc/arm-none-eabi/8.2.1/../../../../arm-none-eabi/lib/thumb/v6-m/nofp\libcr_c.a(_fdopen.o)
 .comment       0x00000075       0x76 c:/nxp/mcuxpressoide_11.0.1_2563/ide/plugins/com.nxp.mcuxpresso.tools.win32_11.0.1.201907311258/tools/bin/../lib/gcc/arm-none-eabi/8.2.1/../../../../arm-none-eabi/lib/thumb/v6-m/nofp\libcr_c.a(errno.o)
 .comment       0x00000075       0x76 c:/nxp/mcuxpressoide_11.0.1_2563/ide/plugins/com.nxp.mcuxpresso.tools.win32_11.0.1.201907311258/tools/bin/../lib/gcc/arm-none-eabi/8.2.1/../../../../arm-none-eabi/lib/thumb/v6-m/nofp\libcr_c.a(fclose.o)
 .comment       0x00000075       0x76 c:/nxp/mcuxpressoide_11.0.1_2563/ide/plugins/com.nxp.mcuxpresso.tools.win32_11.0.1.201907311258/tools/bin/../lib/gcc/arm-none-eabi/8.2.1/../../../../arm-none-eabi/lib/thumb/v6-m/nofp\libcr_c.a(fflush.o)
 .comment       0x00000075       0x76 c:/nxp/mcuxpressoide_11.0.1_2563/ide/plugins/com.nxp.mcuxpresso.tools.win32_11.0.1.201907311258/tools/bin/../lib/gcc/arm-none-eabi/8.2.1/../../../../arm-none-eabi/lib/thumb/v6-m/nofp\libcr_c.a(remove.o)
 .comment       0x00000075       0x76 c:/nxp/mcuxpressoide_11.0.1_2563/ide/plugins/com.nxp.mcuxpresso.tools.win32_11.0.1.201907311258/tools/bin/../lib/gcc/arm-none-eabi/8.2.1/../../../../arm-none-eabi/lib/thumb/v6-m/nofp\libcr_c.a(_cr_check_heap.o)
 .comment       0x00000075       0x76 c:/nxp/mcuxpressoide_11.0.1_2563/ide/plugins/com.nxp.mcuxpresso.tools.win32_11.0.1.201907311258/tools/bin/../lib/gcc/arm-none-eabi/8.2.1/../../../../arm-none-eabi/lib/thumb/v6-m/nofp\libcr_c.a(_do_fflush.o)
 .comment       0x00000075       0x76 c:/nxp/mcuxpressoide_11.0.1_2563/ide/plugins/com.nxp.mcuxpresso.tools.win32_11.0.1.201907311258/tools/bin/../lib/gcc/arm-none-eabi/8.2.1/thumb/v6-m/nofp\libcr_eabihelpers.a(double.o)
 .comment       0x00000075       0x76 c:/nxp/mcuxpressoide_11.0.1_2563/ide/plugins/com.nxp.mcuxpresso.tools.win32_11.0.1.201907311258/tools/bin/../lib/gcc/arm-none-eabi/8.2.1/thumb/v6-m/nofp\libcr_eabihelpers.a(float.o)

.ARM.attributes
                0x00000000       0x2a
 .ARM.attributes
                0x00000000       0x2c ./startup/startup_mkl25z4.o
 .ARM.attributes
                0x0000002c       0x2c ./source/main.o
 .ARM.attributes
                0x00000058       0x32 ./source/mtb.o
 .ARM.attributes
                0x0000008a       0x2c ./source/semihost_hardfault.o
 .ARM.attributes
                0x000000b6       0x2c ./drivers/fsl_clock.o
 .ARM.attributes
                0x000000e2       0x2c ./drivers/fsl_dma.o
 .ARM.attributes
                0x0000010e       0x2c ./drivers/fsl_dmamux.o
 .ARM.attributes
                0x0000013a       0x2c ./drivers/fsl_gpio.o
 .ARM.attributes
                0x00000166       0x2c ./drivers/fsl_i2c.o
 .ARM.attributes
                0x00000192       0x2c ./drivers/fsl_lpsci.o
 .ARM.attributes
                0x000001be       0x2c ./drivers/fsl_lpsci_dma.o
 .ARM.attributes
                0x000001ea       0x2c ./drivers/fsl_uart.o
 .ARM.attributes
                0x00000216       0x2c ./board/clock_config.o
 .ARM.attributes
                0x00000242       0x2c ./board/pin_mux.o
 .ARM.attributes
                0x0000026e       0x2c ./CMSIS_driver/fsl_i2c_cmsis.o
 .ARM.attributes
                0x0000029a       0x2c ./CMSIS/system_MKL25Z4.o
 .ARM.attributes
                0x000002c6       0x2c c:/nxp/mcuxpressoide_11.0.1_2563/ide/plugins/com.nxp.mcuxpresso.tools.win32_11.0.1.201907311258/tools/bin/../lib/gcc/arm-none-eabi/8.2.1/../../../../arm-none-eabi/lib/thumb/v6-m/nofp\libcr_semihost_nf.a(_cr__main.o)
 .ARM.attributes
                0x000002f2       0x2c c:/nxp/mcuxpressoide_11.0.1_2563/ide/plugins/com.nxp.mcuxpresso.tools.win32_11.0.1.201907311258/tools/bin/../lib/gcc/arm-none-eabi/8.2.1/../../../../arm-none-eabi/lib/thumb/v6-m/nofp\libcr_semihost_nf.a(_cr_assert.o)
 .ARM.attributes
                0x0000031e       0x31 c:/nxp/mcuxpressoide_11.0.1_2563/ide/plugins/com.nxp.mcuxpresso.tools.win32_11.0.1.201907311258/tools/bin/../lib/gcc/arm-none-eabi/8.2.1/../../../../arm-none-eabi/lib/thumb/v6-m/nofp\libcr_semihost_nf.a(__ciob.o)
 .ARM.attributes
                0x0000034f       0x1c c:/nxp/mcuxpressoide_11.0.1_2563/ide/plugins/com.nxp.mcuxpresso.tools.win32_11.0.1.201907311258/tools/bin/../lib/gcc/arm-none-eabi/8.2.1/../../../../arm-none-eabi/lib/thumb/v6-m/nofp\libcr_semihost_nf.a(__sys_appexit.o)
 .ARM.attributes
                0x0000036b       0x2c c:/nxp/mcuxpressoide_11.0.1_2563/ide/plugins/com.nxp.mcuxpresso.tools.win32_11.0.1.201907311258/tools/bin/../lib/gcc/arm-none-eabi/8.2.1/../../../../arm-none-eabi/lib/thumb/v6-m/nofp\libcr_c.a(memset.o)
 .ARM.attributes
                0x00000397       0x2c c:/nxp/mcuxpressoide_11.0.1_2563/ide/plugins/com.nxp.mcuxpresso.tools.win32_11.0.1.201907311258/tools/bin/../lib/gcc/arm-none-eabi/8.2.1/../../../../arm-none-eabi/lib/thumb/v6-m/nofp\libcr_c.a(_deferredlazyseek.o)
 .ARM.attributes
                0x000003c3       0x2c c:/nxp/mcuxpressoide_11.0.1_2563/ide/plugins/com.nxp.mcuxpresso.tools.win32_11.0.1.201907311258/tools/bin/../lib/gcc/arm-none-eabi/8.2.1/../../../../arm-none-eabi/lib/thumb/v6-m/nofp\libcr_c.a(_fflush.o)
 .ARM.attributes
                0x000003ef       0x2c c:/nxp/mcuxpressoide_11.0.1_2563/ide/plugins/com.nxp.mcuxpresso.tools.win32_11.0.1.201907311258/tools/bin/../lib/gcc/arm-none-eabi/8.2.1/../../../../arm-none-eabi/lib/thumb/v6-m/nofp\libcr_c.a(_writebuf.o)
 .ARM.attributes
                0x0000041b       0x2c c:/nxp/mcuxpressoide_11.0.1_2563/ide/plugins/com.nxp.mcuxpresso.tools.win32_11.0.1.201907311258/tools/bin/../lib/gcc/arm-none-eabi/8.2.1/../../../../arm-none-eabi/lib/thumb/v6-m/nofp\libcr_c.a(alloc.o)
 .ARM.attributes
                0x00000447       0x2c c:/nxp/mcuxpressoide_11.0.1_2563/ide/plugins/com.nxp.mcuxpresso.tools.win32_11.0.1.201907311258/tools/bin/../lib/gcc/arm-none-eabi/8.2.1/../../../../arm-none-eabi/lib/thumb/v6-m/nofp\libcr_c.a(atan.o)
 .ARM.attributes
                0x00000473       0x2c c:/nxp/mcuxpressoide_11.0.1_2563/ide/plugins/com.nxp.mcuxpresso.tools.win32_11.0.1.201907311258/tools/bin/../lib/gcc/arm-none-eabi/8.2.1/../../../../arm-none-eabi/lib/thumb/v6-m/nofp\libcr_c.a(fabs.o)
 .ARM.attributes
                0x0000049f       0x2c c:/nxp/mcuxpressoide_11.0.1_2563/ide/plugins/com.nxp.mcuxpresso.tools.win32_11.0.1.201907311258/tools/bin/../lib/gcc/arm-none-eabi/8.2.1/../../../../arm-none-eabi/lib/thumb/v6-m/nofp\libcr_c.a(fputs.o)
 .ARM.attributes
                0x000004cb       0x2c c:/nxp/mcuxpressoide_11.0.1_2563/ide/plugins/com.nxp.mcuxpresso.tools.win32_11.0.1.201907311258/tools/bin/../lib/gcc/arm-none-eabi/8.2.1/../../../../arm-none-eabi/lib/thumb/v6-m/nofp\libcr_c.a(fseek.o)
 .ARM.attributes
                0x000004f7       0x2c c:/nxp/mcuxpressoide_11.0.1_2563/ide/plugins/com.nxp.mcuxpresso.tools.win32_11.0.1.201907311258/tools/bin/../lib/gcc/arm-none-eabi/8.2.1/../../../../arm-none-eabi/lib/thumb/v6-m/nofp\libcr_c.a(ftell.o)
 .ARM.attributes
                0x00000523       0x2c c:/nxp/mcuxpressoide_11.0.1_2563/ide/plugins/com.nxp.mcuxpresso.tools.win32_11.0.1.201907311258/tools/bin/../lib/gcc/arm-none-eabi/8.2.1/../../../../arm-none-eabi/lib/thumb/v6-m/nofp\libcr_c.a(initio.o)
 .ARM.attributes
                0x0000054f       0x2c c:/nxp/mcuxpressoide_11.0.1_2563/ide/plugins/com.nxp.mcuxpresso.tools.win32_11.0.1.201907311258/tools/bin/../lib/gcc/arm-none-eabi/8.2.1/../../../../arm-none-eabi/lib/thumb/v6-m/nofp\libcr_c.a(printf.o)
 .ARM.attributes
                0x0000057b       0x2c c:/nxp/mcuxpressoide_11.0.1_2563/ide/plugins/com.nxp.mcuxpresso.tools.win32_11.0.1.201907311258/tools/bin/../lib/gcc/arm-none-eabi/8.2.1/../../../../arm-none-eabi/lib/thumb/v6-m/nofp\libcr_c.a(setvbuf.o)
 .ARM.attributes
                0x000005a7       0x2c c:/nxp/mcuxpressoide_11.0.1_2563/ide/plugins/com.nxp.mcuxpresso.tools.win32_11.0.1.201907311258/tools/bin/../lib/gcc/arm-none-eabi/8.2.1/../../../../arm-none-eabi/lib/thumb/v6-m/nofp\libcr_c.a(sqrt.o)
 .ARM.attributes
                0x000005d3       0x2c c:/nxp/mcuxpressoide_11.0.1_2563/ide/plugins/com.nxp.mcuxpresso.tools.win32_11.0.1.201907311258/tools/bin/../lib/gcc/arm-none-eabi/8.2.1/../../../../arm-none-eabi/lib/thumb/v6-m/nofp\libcr_c.a(strlen.o)
 .ARM.attributes
                0x000005ff       0x2c c:/nxp/mcuxpressoide_11.0.1_2563/ide/plugins/com.nxp.mcuxpresso.tools.win32_11.0.1.201907311258/tools/bin/../lib/gcc/arm-none-eabi/8.2.1/../../../../arm-none-eabi/lib/thumb/v6-m/nofp\libcr_c.a(__init_alloc.o)
 .ARM.attributes
                0x0000062b       0x2c c:/nxp/mcuxpressoide_11.0.1_2563/ide/plugins/com.nxp.mcuxpresso.tools.win32_11.0.1.201907311258/tools/bin/../lib/gcc/arm-none-eabi/8.2.1/../../../../arm-none-eabi/lib/thumb/v6-m/nofp\libcr_c.a(_cr_sbrk.o)
 .ARM.attributes
                0x00000657       0x2c c:/nxp/mcuxpressoide_11.0.1_2563/ide/plugins/com.nxp.mcuxpresso.tools.win32_11.0.1.201907311258/tools/bin/../lib/gcc/arm-none-eabi/8.2.1/../../../../arm-none-eabi/lib/thumb/v6-m/nofp\libcr_c.a(_fdopen.o)
 .ARM.attributes
                0x00000683       0x31 c:/nxp/mcuxpressoide_11.0.1_2563/ide/plugins/com.nxp.mcuxpresso.tools.win32_11.0.1.201907311258/tools/bin/../lib/gcc/arm-none-eabi/8.2.1/../../../../arm-none-eabi/lib/thumb/v6-m/nofp\libcr_c.a(errno.o)
 .ARM.attributes
                0x000006b4       0x2c c:/nxp/mcuxpressoide_11.0.1_2563/ide/plugins/com.nxp.mcuxpresso.tools.win32_11.0.1.201907311258/tools/bin/../lib/gcc/arm-none-eabi/8.2.1/../../../../arm-none-eabi/lib/thumb/v6-m/nofp\libcr_c.a(fclose.o)
 .ARM.attributes
                0x000006e0       0x2c c:/nxp/mcuxpressoide_11.0.1_2563/ide/plugins/com.nxp.mcuxpresso.tools.win32_11.0.1.201907311258/tools/bin/../lib/gcc/arm-none-eabi/8.2.1/../../../../arm-none-eabi/lib/thumb/v6-m/nofp\libcr_c.a(fflush.o)
 .ARM.attributes
                0x0000070c       0x2c c:/nxp/mcuxpressoide_11.0.1_2563/ide/plugins/com.nxp.mcuxpresso.tools.win32_11.0.1.201907311258/tools/bin/../lib/gcc/arm-none-eabi/8.2.1/../../../../arm-none-eabi/lib/thumb/v6-m/nofp\libcr_c.a(remove.o)
 .ARM.attributes
                0x00000738       0x2c c:/nxp/mcuxpressoide_11.0.1_2563/ide/plugins/com.nxp.mcuxpresso.tools.win32_11.0.1.201907311258/tools/bin/../lib/gcc/arm-none-eabi/8.2.1/../../../../arm-none-eabi/lib/thumb/v6-m/nofp\libcr_c.a(_cr_check_heap.o)
 .ARM.attributes
                0x00000764       0x2c c:/nxp/mcuxpressoide_11.0.1_2563/ide/plugins/com.nxp.mcuxpresso.tools.win32_11.0.1.201907311258/tools/bin/../lib/gcc/arm-none-eabi/8.2.1/../../../../arm-none-eabi/lib/thumb/v6-m/nofp\libcr_c.a(_do_fflush.o)
 .ARM.attributes
                0x00000790       0x1c c:/nxp/mcuxpressoide_11.0.1_2563/ide/plugins/com.nxp.mcuxpresso.tools.win32_11.0.1.201907311258/tools/bin/../lib/gcc/arm-none-eabi/8.2.1/thumb/v6-m/nofp\libcr_eabihelpers.a(division_32.o)
 .ARM.attributes
                0x000007ac       0x1c c:/nxp/mcuxpressoide_11.0.1_2563/ide/plugins/com.nxp.mcuxpresso.tools.win32_11.0.1.201907311258/tools/bin/../lib/gcc/arm-none-eabi/8.2.1/thumb/v6-m/nofp\libcr_eabihelpers.a(division_idiv0.o)
 .ARM.attributes
                0x000007c8       0x2c c:/nxp/mcuxpressoide_11.0.1_2563/ide/plugins/com.nxp.mcuxpresso.tools.win32_11.0.1.201907311258/tools/bin/../lib/gcc/arm-none-eabi/8.2.1/thumb/v6-m/nofp\libcr_eabihelpers.a(double.o)
 .ARM.attributes
                0x000007f4       0x2c c:/nxp/mcuxpressoide_11.0.1_2563/ide/plugins/com.nxp.mcuxpresso.tools.win32_11.0.1.201907311258/tools/bin/../lib/gcc/arm-none-eabi/8.2.1/thumb/v6-m/nofp\libcr_eabihelpers.a(float.o)
 .ARM.attributes
                0x00000820       0x1c c:/nxp/mcuxpressoide_11.0.1_2563/ide/plugins/com.nxp.mcuxpresso.tools.win32_11.0.1.201907311258/tools/bin/../lib/gcc/arm-none-eabi/8.2.1/thumb/v6-m/nofp\libcr_eabihelpers.a(llong.o)
 .ARM.attributes
                0x0000083c       0x1c c:/nxp/mcuxpressoide_11.0.1_2563/ide/plugins/com.nxp.mcuxpresso.tools.win32_11.0.1.201907311258/tools/bin/../lib/gcc/arm-none-eabi/8.2.1/thumb/v6-m/nofp\libcr_eabihelpers.a(memcpy.o)
 .ARM.attributes
                0x00000858       0x1c c:/nxp/mcuxpressoide_11.0.1_2563/ide/plugins/com.nxp.mcuxpresso.tools.win32_11.0.1.201907311258/tools/bin/../lib/gcc/arm-none-eabi/8.2.1/../../../../arm-none-eabi/lib/thumb/v6-m/nofp\libcr_semihost_nf.a(__sys_close.o)
 .ARM.attributes
                0x00000874       0x1c c:/nxp/mcuxpressoide_11.0.1_2563/ide/plugins/com.nxp.mcuxpresso.tools.win32_11.0.1.201907311258/tools/bin/../lib/gcc/arm-none-eabi/8.2.1/../../../../arm-none-eabi/lib/thumb/v6-m/nofp\libcr_semihost_nf.a(__sys_flen.o)
 .ARM.attributes
                0x00000890       0x1c c:/nxp/mcuxpressoide_11.0.1_2563/ide/plugins/com.nxp.mcuxpresso.tools.win32_11.0.1.201907311258/tools/bin/../lib/gcc/arm-none-eabi/8.2.1/../../../../arm-none-eabi/lib/thumb/v6-m/nofp\libcr_semihost_nf.a(__sys_istty.o)
 .ARM.attributes
                0x000008ac       0x1c c:/nxp/mcuxpressoide_11.0.1_2563/ide/plugins/com.nxp.mcuxpresso.tools.win32_11.0.1.201907311258/tools/bin/../lib/gcc/arm-none-eabi/8.2.1/../../../../arm-none-eabi/lib/thumb/v6-m/nofp\libcr_semihost_nf.a(__sys_remove.o)
 .ARM.attributes
                0x000008c8       0x1c c:/nxp/mcuxpressoide_11.0.1_2563/ide/plugins/com.nxp.mcuxpresso.tools.win32_11.0.1.201907311258/tools/bin/../lib/gcc/arm-none-eabi/8.2.1/../../../../arm-none-eabi/lib/thumb/v6-m/nofp\libcr_semihost_nf.a(__sys_seek.o)
 .ARM.attributes
                0x000008e4       0x1c c:/nxp/mcuxpressoide_11.0.1_2563/ide/plugins/com.nxp.mcuxpresso.tools.win32_11.0.1.201907311258/tools/bin/../lib/gcc/arm-none-eabi/8.2.1/../../../../arm-none-eabi/lib/thumb/v6-m/nofp\libcr_semihost_nf.a(__sys_tmpnam.o)
 .ARM.attributes
                0x00000900       0x1c c:/nxp/mcuxpressoide_11.0.1_2563/ide/plugins/com.nxp.mcuxpresso.tools.win32_11.0.1.201907311258/tools/bin/../lib/gcc/arm-none-eabi/8.2.1/../../../../arm-none-eabi/lib/thumb/v6-m/nofp\libcr_semihost_nf.a(__sys_write.o)

.debug_frame    0x00000000     0x263c
 .debug_frame   0x00000000      0x3b0 ./startup/startup_mkl25z4.o
 .debug_frame   0x000003b0      0x214 ./source/main.o
 .debug_frame   0x000005c4       0x20 ./source/semihost_hardfault.o
 .debug_frame   0x000005e4      0x6e0 ./drivers/fsl_clock.o
 .debug_frame   0x00000cc4      0x2e0 ./drivers/fsl_dma.o
 .debug_frame   0x00000fa4       0xb0 ./drivers/fsl_dmamux.o
 .debug_frame   0x00001054       0xb0 ./drivers/fsl_gpio.o
 .debug_frame   0x00001104      0x58c ./drivers/fsl_i2c.o
 .debug_frame   0x00001690      0x418 ./drivers/fsl_lpsci.o
 .debug_frame   0x00001aa8      0x218 ./drivers/fsl_lpsci_dma.o
 .debug_frame   0x00001cc0      0x468 ./drivers/fsl_uart.o
 .debug_frame   0x00002128       0xe4 ./board/clock_config.o
 .debug_frame   0x0000220c       0xa4 ./board/pin_mux.o
 .debug_frame   0x000022b0      0x340 ./CMSIS_driver/fsl_i2c_cmsis.o
 .debug_frame   0x000025f0       0x4c ./CMSIS/system_MKL25Z4.o

Cross Reference Table

Symbol                                            File
ADC0_DriverIRQHandler                             ./startup/startup_mkl25z4.o
ADC0_IRQHandler                                   ./startup/startup_mkl25z4.o
BOARD_BootClockRUN                                ./board/clock_config.o
                                                  ./source/main.o
BOARD_BootClockVLPR                               ./board/clock_config.o
BOARD_I2C_ReleaseBus                              ./source/main.o
BOARD_InitDebugConsole                            ./board/board.o
BOARD_InitPins                                    ./board/pin_mux.o
                                                  ./source/main.o
CLOCK_BootToBlpeMode                              ./drivers/fsl_clock.o
CLOCK_BootToBlpiMode                              ./drivers/fsl_clock.o
                                                  ./board/clock_config.o
CLOCK_BootToFeeMode                               ./drivers/fsl_clock.o
CLOCK_BootToFeiMode                               ./drivers/fsl_clock.o
CLOCK_BootToPeeMode                               ./drivers/fsl_clock.o
                                                  ./board/clock_config.o
CLOCK_CalcPllDiv                                  ./drivers/fsl_clock.o
CLOCK_ClearStatusFlags                            ./drivers/fsl_clock.o
CLOCK_DeinitOsc0                                  ./drivers/fsl_clock.o
CLOCK_EnablePll0                                  ./drivers/fsl_clock.o
CLOCK_EnableUsbfs0Clock                           ./drivers/fsl_clock.o
CLOCK_ExternalModeToFbeModeQuick                  ./drivers/fsl_clock.o
CLOCK_FllStableDelay                              ./drivers/fsl_clock.o
CLOCK_GetBusClkFreq                               ./drivers/fsl_clock.o
CLOCK_GetCoreSysClkFreq                           ./drivers/fsl_clock.o
CLOCK_GetEr32kClkFreq                             ./drivers/fsl_clock.o
CLOCK_GetFixedFreqClkFreq                         ./drivers/fsl_clock.o
CLOCK_GetFlashClkFreq                             ./drivers/fsl_clock.o
CLOCK_GetFllFreq                                  ./drivers/fsl_clock.o
CLOCK_GetFreq                                     ./drivers/fsl_clock.o
                                                  ./source/main.o
CLOCK_GetInternalRefClkFreq                       ./drivers/fsl_clock.o
CLOCK_GetMode                                     ./drivers/fsl_clock.o
CLOCK_GetOsc0ErClkFreq                            ./drivers/fsl_clock.o
CLOCK_GetOutClkFreq                               ./drivers/fsl_clock.o
CLOCK_GetPlatClkFreq                              ./drivers/fsl_clock.o
CLOCK_GetPll0Freq                                 ./drivers/fsl_clock.o
CLOCK_GetPllFllSelClkFreq                         ./drivers/fsl_clock.o
                                                  ./board/board.o
CLOCK_GetStatusFlags                              ./drivers/fsl_clock.o
CLOCK_InitOsc0                                    ./drivers/fsl_clock.o
                                                  ./board/clock_config.o
CLOCK_InternalModeToFbiModeQuick                  ./drivers/fsl_clock.o
CLOCK_SetBlpeMode                                 ./drivers/fsl_clock.o
CLOCK_SetBlpiMode                                 ./drivers/fsl_clock.o
CLOCK_SetExternalRefClkConfig                     ./drivers/fsl_clock.o
CLOCK_SetFbeMode                                  ./drivers/fsl_clock.o
CLOCK_SetFbiMode                                  ./drivers/fsl_clock.o
CLOCK_SetFeeMode                                  ./drivers/fsl_clock.o
CLOCK_SetFeiMode                                  ./drivers/fsl_clock.o
CLOCK_SetInternalRefClkConfig                     ./drivers/fsl_clock.o
                                                  ./board/clock_config.o
CLOCK_SetMcgConfig                                ./drivers/fsl_clock.o
CLOCK_SetOsc0MonitorMode                          ./drivers/fsl_clock.o
CLOCK_SetPbeMode                                  ./drivers/fsl_clock.o
CLOCK_SetPeeMode                                  ./drivers/fsl_clock.o
CLOCK_SetPll0MonitorMode                          ./drivers/fsl_clock.o
CLOCK_SetSimConfig                                ./drivers/fsl_clock.o
                                                  ./board/clock_config.o
CLOCK_TrimInternalRefClk                          ./drivers/fsl_clock.o
CMP0_DriverIRQHandler                             ./startup/startup_mkl25z4.o
CMP0_IRQHandler                                   ./startup/startup_mkl25z4.o
DAC0_DriverIRQHandler                             ./startup/startup_mkl25z4.o
DAC0_IRQHandler                                   ./startup/startup_mkl25z4.o
DMA0_DriverIRQHandler                             ./drivers/fsl_dma.o
                                                  ./startup/startup_mkl25z4.o
DMA0_IRQHandler                                   ./startup/startup_mkl25z4.o
DMA1_DriverIRQHandler                             ./drivers/fsl_dma.o
                                                  ./startup/startup_mkl25z4.o
DMA1_IRQHandler                                   ./startup/startup_mkl25z4.o
DMA2_DriverIRQHandler                             ./drivers/fsl_dma.o
                                                  ./startup/startup_mkl25z4.o
DMA2_IRQHandler                                   ./startup/startup_mkl25z4.o
DMA3_DriverIRQHandler                             ./drivers/fsl_dma.o
                                                  ./startup/startup_mkl25z4.o
DMA3_IRQHandler                                   ./startup/startup_mkl25z4.o
DMAMUX_Deinit                                     ./drivers/fsl_dmamux.o
DMAMUX_Init                                       ./drivers/fsl_dmamux.o
                                                  ./source/main.o
DMA_AbortTransfer                                 ./drivers/fsl_dma.o
                                                  ./drivers/fsl_uart_dma.o
                                                  ./drivers/fsl_lpsci_dma.o
                                                  ./drivers/fsl_i2c_dma.o
DMA_CreateHandle                                  ./drivers/fsl_dma.o
                                                  ./source/main.o
DMA_Deinit                                        ./drivers/fsl_dma.o
DMA_HandleIRQ                                     ./drivers/fsl_dma.o
DMA_Init                                          ./drivers/fsl_dma.o
                                                  ./source/main.o
DMA_PrepareTransfer                               ./drivers/fsl_dma.o
                                                  ./drivers/fsl_uart_dma.o
                                                  ./drivers/fsl_lpsci_dma.o
DMA_ResetChannel                                  ./drivers/fsl_dma.o
DMA_SetCallback                                   ./drivers/fsl_dma.o
                                                  ./drivers/fsl_uart_dma.o
                                                  ./drivers/fsl_lpsci_dma.o
                                                  ./drivers/fsl_i2c_dma.o
DMA_SetChannelLinkConfig                          ./drivers/fsl_dma.o
DMA_SetModulo                                     ./drivers/fsl_dma.o
DMA_SetTransferConfig                             ./drivers/fsl_dma.o
DMA_SubmitTransfer                                ./drivers/fsl_dma.o
                                                  ./drivers/fsl_uart_dma.o
                                                  ./drivers/fsl_lpsci_dma.o
                                                  ./drivers/fsl_i2c_dma.o
DbgConsole_Deinit                                 ./utilities/fsl_debug_console.o
DbgConsole_Init                                   ./utilities/fsl_debug_console.o
                                                  ./board/board.o
Driver_I2C0                                       ./CMSIS_driver/fsl_i2c_cmsis.o
                                                  ./source/main.o
FLASH_Erase                                       ./drivers/fsl_flash.o
FLASH_EraseAll                                    ./drivers/fsl_flash.o
FLASH_EraseAllExecuteOnlySegments                 ./drivers/fsl_flash.o
FLASH_GetProperty                                 ./drivers/fsl_flash.o
FLASH_GetSecurityState                            ./drivers/fsl_flash.o
FLASH_Init                                        ./drivers/fsl_flash.o
FLASH_IsExecuteOnly                               ./drivers/fsl_flash.o
FLASH_IsProtected                                 ./drivers/fsl_flash.o
FLASH_PflashGetPrefetchSpeculation                ./drivers/fsl_flash.o
FLASH_PflashGetProtection                         ./drivers/fsl_flash.o
FLASH_PflashSetPrefetchSpeculation                ./drivers/fsl_flash.o
                                                  ./drivers/fsl_smc.o
FLASH_PflashSetProtection                         ./drivers/fsl_flash.o
FLASH_PrepareExecuteInRamFunctions                ./drivers/fsl_flash.o
FLASH_Program                                     ./drivers/fsl_flash.o
FLASH_ProgramOnce                                 ./drivers/fsl_flash.o
FLASH_ReadOnce                                    ./drivers/fsl_flash.o
FLASH_ReadResource                                ./drivers/fsl_flash.o
FLASH_SecurityBypass                              ./drivers/fsl_flash.o
FLASH_SetCallback                                 ./drivers/fsl_flash.o
FLASH_SetProperty                                 ./drivers/fsl_flash.o
FLASH_VerifyErase                                 ./drivers/fsl_flash.o
FLASH_VerifyEraseAll                              ./drivers/fsl_flash.o
FLASH_VerifyEraseAllExecuteOnlySegments           ./drivers/fsl_flash.o
FLASH_VerifyProgram                               ./drivers/fsl_flash.o
FTFA_DriverIRQHandler                             ./startup/startup_mkl25z4.o
FTFA_IRQHandler                                   ./startup/startup_mkl25z4.o
Flash_Config                                      ./startup/startup_mkl25z4.o
GPIO_ClearPinsInterruptFlags                      ./drivers/fsl_gpio.o
GPIO_GetPinsInterruptFlags                        ./drivers/fsl_gpio.o